Component: ARM Compiler 5.06 update 6 (build 750) Tool: armlink [4d35ed]

==============================================================================

Section Cross References

    system_stm32f4xx.o(i.SystemCoreClockUpdate) refers to system_stm32f4xx.o(.data) for SystemCoreClock
    system_stm32f4xx.o(i.SystemInit) refers to system_stm32f4xx.o(i.SetSysClock) for SetSysClock
    startup_stm32f40_41xxx.o(STACK) refers (Special) to heapauxi.o(.text) for __use_two_region_memory
    startup_stm32f40_41xxx.o(HEAP) refers (Special) to heapauxi.o(.text) for __use_two_region_memory
    startup_stm32f40_41xxx.o(RESET) refers (Special) to heapauxi.o(.text) for __use_two_region_memory
    startup_stm32f40_41xxx.o(RESET) refers to startup_stm32f40_41xxx.o(STACK) for __initial_sp
    startup_stm32f40_41xxx.o(RESET) refers to startup_stm32f40_41xxx.o(.text) for Reset_Handler
    startup_stm32f40_41xxx.o(RESET) refers to homeswitch.o(i.EXTI1_IRQHandler) for EXTI1_IRQHandler
    startup_stm32f40_41xxx.o(RESET) refers to homeswitch.o(i.EXTI2_IRQHandler) for EXTI2_IRQHandler
    startup_stm32f40_41xxx.o(RESET) refers to main.o(i.DMA1_Stream1_IRQHandler) for DMA1_Stream1_IRQHandler
    startup_stm32f40_41xxx.o(RESET) refers to encoder.o(i.TIM2_IRQHandler) for TIM2_IRQHandler
    startup_stm32f40_41xxx.o(RESET) refers to servo.o(i.TIM3_IRQHandler) for TIM3_IRQHandler
    startup_stm32f40_41xxx.o(RESET) refers to homeswitch.o(i.EXTI15_10_IRQHandler) for EXTI15_10_IRQHandler
    startup_stm32f40_41xxx.o(.text) refers (Special) to heapauxi.o(.text) for __use_two_region_memory
    startup_stm32f40_41xxx.o(.text) refers to system_stm32f4xx.o(i.SystemInit) for SystemInit
    startup_stm32f40_41xxx.o(.text) refers to __main.o(!!!main) for __main
    startup_stm32f40_41xxx.o(.text) refers to startup_stm32f40_41xxx.o(HEAP) for Heap_Mem
    startup_stm32f40_41xxx.o(.text) refers to startup_stm32f40_41xxx.o(STACK) for Stack_Mem
    main.o(i.DMA1_Stream1_IRQHandler) refers to stm32f4xx_dma.o(i.DMA_Cmd) for DMA_Cmd
    main.o(i.DMA1_Stream1_IRQHandler) refers to stm32f4xx_dma.o(i.DMA_ClearITPendingBit) for DMA_ClearITPendingBit
    main.o(i.DMA1_Stream1_IRQHandler) refers to main.o(i.Uart_Program) for Uart_Program
    main.o(i.DMA1_Stream1_IRQHandler) refers to main.o(.data) for rx_flag
    main.o(i.Uart_Program) refers to calculator.o(i.asc2dou) for asc2dou
    main.o(i.Uart_Program) refers to homeswitch.o(i.Home_Scan_Begin) for Home_Scan_Begin
    main.o(i.Uart_Program) refers to calculator.o(i.float2Bytes) for float2Bytes
    main.o(i.Uart_Program) refers to uart.o(.bss) for rxbuff
    main.o(i.Uart_Program) refers to main.o(.data) for vSGUI_ready_flag
    main.o(i.Uart_Program) refers to servo.o(.bss) for Servo_pos_cur
    main.o(i.Uart_Program) refers to main.o(.bss) for HOME_OFFSET
    main.o(i.Uart_Program) refers to eeprom.o(i.EEP_WriteBytes) for EEP_WriteBytes
    main.o(i.Uart_Program) refers to encoder.o(i.ENC_Reset) for ENC_Reset
    main.o(i.Uart_Program) refers to fsmc.o(i.FSMC_ENC_Reset) for FSMC_ENC_Reset
    main.o(i.Uart_Program) refers to calculator.o(i.is_minus) for is_minus
    main.o(i.Uart_Program) refers to uart.o(i.Uart_Cmd_Update) for Uart_Cmd_Update
    main.o(i.Uart_Program) refers to homeswitch.o(.bss) for st_servo_data
    main.o(i.main) refers to uart.o(i.UART_DMA_Init) for UART_DMA_Init
    main.o(i.main) refers to misc.o(i.NVIC_PriorityGroupConfig) for NVIC_PriorityGroupConfig
    main.o(i.main) refers to fsmc.o(i.FSMC_Init) for FSMC_Init
    main.o(i.main) refers to eeprom.o(i.EEP_Init) for EEP_Init
    main.o(i.main) refers to homeswitch.o(i.Servo_Home_Switch_Init) for Servo_Home_Switch_Init
    main.o(i.main) refers to eeprom.o(i.EEP_ReadBytes) for EEP_ReadBytes
    main.o(i.main) refers to calculator.o(i.Bytes2float) for Bytes2float
    main.o(i.main) refers to servo.o(i.Servo_Control_Timer_Init) for Servo_Control_Timer_Init
    main.o(i.main) refers to encoder.o(i.ENC_Timer_Init) for ENC_Timer_Init
    main.o(i.main) refers to encoder.o(i.ENC_Reset) for ENC_Reset
    main.o(i.main) refers to uart.o(i.Uart_Cmd_Update) for Uart_Cmd_Update
    main.o(i.main) refers to uart.o(i.Ex_Usart_SendData) for Ex_Usart_SendData
    main.o(i.main) refers to stm32f4xx_tim.o(i.TIM_ClearITPendingBit) for TIM_ClearITPendingBit
    main.o(i.main) refers to stm32f4xx_tim.o(i.TIM_Cmd) for TIM_Cmd
    main.o(i.main) refers to operationmode.o(i.IdleMode) for IdleMode
    main.o(i.main) refers to operationmode.o(i.TestingMode) for TestingMode
    main.o(i.main) refers to operationmode.o(i.HomeScanMode) for HomeScanMode
    main.o(i.main) refers to operationmode.o(i.InverseKinematicMode) for InverseKinematicMode
    main.o(i.main) refers to main.o(.bss) for HOME_OFFSET
    main.o(i.main) refers to servo.o(.bss) for Servo_pos_pre
    main.o(i.main) refers to homeswitch.o(.bss) for st_servo_data
    main.o(i.main) refers to servo.o(.data) for Servo_dir
    main.o(i.main) refers to main.o(.data) for vSGUI_ready_flag
[...]
    i.main                                   0x08005520   Section        0  main.o(i.main)
    i.matR_calculate                         0x08005720   Section        0  kinematic.o(i.matR_calculate)
    i.matrix_addition                        0x08005c64   Section        0  calculator.o(i.matrix_addition)
    i.matrix_inverse                         0x08005dc0   Section        0  calculator.o(i.matrix_inverse)
    i.matrix_multiplication                  0x08005f30   Section        0  calculator.o(i.matrix_multiplication)
    i.my_delay_us                            0x080060c4   Section        0  utils.o(i.my_delay_us)
    i.pos2pul                                0x080060ec   Section        0  calculator.o(i.pos2pul)
    i.pos2pul_redundance                     0x0800610c   Section        0  calculator.o(i.pos2pul_redundance)
    i.pos_calculate                          0x08006198   Section        0  kinematic.o(i.pos_calculate)
    i.pul2pos                                0x080061b8   Section        0  calculator.o(i.pul2pos)
    i.pulse_path_planning                    0x080061f8   Section        0  calculator.o(i.pulse_path_planning)
    i.pulse_pp_cal                           0x08006258   Section        0  calculator.o(i.pulse_pp_cal)
    i.q_calculate                            0x080062ae   Section        0  calculator.o(i.q_calculate)
    i.vector_3_norm                          0x08006308   Section        0  calculator.o(i.vector_3_norm)
    locale$$code                             0x08006364   Section       44  lc_numeric_c.o(locale$$code)
    x$fpl$basic                              0x08006390   Section       24  basic.o(x$fpl$basic)
    $v0                                      0x08006390   Number         0  basic.o(x$fpl$basic)
    x$fpl$d2f                                0x080063a8   Section       98  d2f.o(x$fpl$d2f)
    $v0                                      0x080063a8   Number         0  d2f.o(x$fpl$d2f)
    x$fpl$dadd                               0x0800640c   Section      336  daddsub_clz.o(x$fpl$dadd)
    $v0                                      0x0800640c   Number         0  daddsub_clz.o(x$fpl$dadd)
    _dadd1                                   0x0800641d   Thumb Code     0  daddsub_clz.o(x$fpl$dadd)
    x$fpl$ddiv                               0x0800655c   Section      688  ddiv.o(x$fpl$ddiv)
    $v0                                      0x0800655c   Number         0  ddiv.o(x$fpl$ddiv)
    ddiv_entry                               0x08006563   Thumb Code     0  ddiv.o(x$fpl$ddiv)
    x$fpl$dfix                               0x0800680c   Section       94  dfix.o(x$fpl$dfix)
    $v0                                      0x0800680c   Number         0  dfix.o(x$fpl$dfix)
    x$fpl$dflt                               0x0800686a   Section       46  dflt_clz.o(x$fpl$dflt)
    $v0                                      0x0800686a   Number         0  dflt_clz.o(x$fpl$dflt)
    x$fpl$dfltu                              0x08006898   Section       38  dflt_clz.o(x$fpl$dfltu)
    $v0                                      0x08006898   Number         0  dflt_clz.o(x$fpl$dfltu)
    x$fpl$dmul                               0x080068c0   Section      340  dmul.o(x$fpl$dmul)
    $v0                                      0x080068c0   Number         0  dmul.o(x$fpl$dmul)
    x$fpl$dnaninf                            0x08006a14   Section      156  dnaninf.o(x$fpl$dnaninf)
    $v0                                      0x08006a14   Number         0  dnaninf.o(x$fpl$dnaninf)
    x$fpl$dretinf                            0x08006ab0   Section       12  dretinf.o(x$fpl$dretinf)
    $v0                                      0x08006ab0   Number         0  dretinf.o(x$fpl$dretinf)
    x$fpl$drsb                               0x08006abc   Section       22  daddsub_clz.o(x$fpl$drsb)
    $v0                                      0x08006abc   Number         0  daddsub_clz.o(x$fpl$drsb)
    x$fpl$dsqrt                              0x08006ad4   Section      408  dsqrt_umaal.o(x$fpl$dsqrt)
    $v0                                      0x08006ad4   Number         0  dsqrt_umaal.o(x$fpl$dsqrt)
    x$fpl$dsub                               0x08006c6c   Section      468  daddsub_clz.o(x$fpl$dsub)
    $v0                                      0x08006c6c   Number         0  daddsub_clz.o(x$fpl$dsub)
    _dsub1                                   0x08006c7d   Thumb Code     0  daddsub_clz.o(x$fpl$dsub)
    x$fpl$f2d                                0x08006e40   Section       86  f2d.o(x$fpl$f2d)
    $v0                                      0x08006e40   Number         0  f2d.o(x$fpl$f2d)
    x$fpl$fnaninf                            0x08006e96   Section      140  fnaninf.o(x$fpl$fnaninf)
    $v0                                      0x08006e96   Number         0  fnaninf.o(x$fpl$fnaninf)
    x$fpl$fpinit                             0x08006f22   Section       10  fpinit.o(x$fpl$fpinit)
    $v0                                      0x08006f22   Number         0  fpinit.o(x$fpl$fpinit)
    x$fpl$fretinf                            0x08006f2c   Section       10  fretinf.o(x$fpl$fretinf)
    $v0                                      0x08006f2c   Number         0  fretinf.o(x$fpl$fretinf)
    x$fpl$printf1                            0x08006f36   Section        4  printf1.o(x$fpl$printf1)
    $v0                                      0x08006f36   Number         0  printf1.o(x$fpl$printf1)
    x$fpl$usenofp                            0x08006f3a   Section        0  usenofp.o(x$fpl$usenofp)
    .constdata                               0x08006f3c   Section       72  operationmode.o(.constdata)
    .constdata                               0x08006f84   Section        6  servo.o(.constdata)
    .constdata                               0x08006f90   Section       48  cos_i.o(.constdata)
    C                                        0x08006f90   Data          48  cos_i.o(.constdata)
    .constdata                               0x08006fc0   Section      200  rred.o(.constdata)
    pio2s                                    0x08006fc0   Data          48  rred.o(.constdata)
    twooverpi                                0x08006ff0   Data         152  rred.o(.constdata)
    .constdata                               0x08007088   Section       40  sin_i.o(.constdata)
    S                                        0x08007088   Data          40  sin_i.o(.constdata)
    .constdata                               0x080070b0   Section      148  bigflt0.o(.constdata)
    tenpwrs_x                                0x080070b0   Data          60  bigflt0.o(.constdata)
    tenpwrs_i                                0x080070ec   Data          64  bigflt0.o(.constdata)
    locale$$data                             0x08007164   Section       28  lc_numeric_c.o(locale$$data)
    __lcnum_c_name                           0x08007168   Data           2  lc_numeric_c.o(locale$$data)
    __lcnum_c_start                          0x08007170   Data           0  lc_numeric_c.o(locale$$data)
    __lcnum_c_point                          0x0800717c   Data           0  lc_numeric_c.o(locale$$data)
    __lcnum_c_thousands                      0x0800717e   Data           0  lc_numeric_c.o(locale$$data)
    __lcnum_c_grouping                       0x0800717f   Data           0  lc_numeric_c.o(locale$$data)
    __lcnum_c_end                            0x08007180   Data           0  lc_numeric_c.o(locale$$data)
    .data                                    0x20000000   Section        7  main.o(.data)
    .data                                    0x20000007   Section       16  stm32f4xx_rcc.o(.data)
    APBAHBPrescTable                         0x20000007   Data          16  stm32f4xx_rcc.o(.data)
    .data                                    0x20000017   Section       19  servo.o(.data)
    Servo_dir_private                        0x20000017   Data           6  servo.o(.data)
    Servo_Ready_Run_flag                     0x20000029   Data           1  servo.o(.data)
    .data                                    0x2000002a   Section        1  uart.o(.data)
    .data                                    0x2000002c   Section        2  encoder.o(.data)
    cnt_update_enc                           0x2000002c   Data           2  encoder.o(.data)
    .bss                                     0x20000030   Section      572  main.o(.bss)
    .bss                                     0x2000026c   Section       72  fsmc.o(.bss)
    enc_dp                                   0x2000026c   Data          24  fsmc.o(.bss)
    enc_p0                                   0x20000284   Data          24  fsmc.o(.bss)
    enc_p1                                   0x2000029c   Data          24  fsmc.o(.bss)
    .bss                                     0x200002b4   Section      216  homeswitch.o(.bss)
    .bss                                     0x2000038c   Section      184  servo.o(.bss)
    a_1                                      0x200003d4   Data          16  servo.o(.bss)
    a                                        0x200003e4   Data          96  servo.o(.bss)
    .bss                                     0x20000444   Section      352  uart.o(.bss)
    str_uart_update                          0x20000540   Data         100  uart.o(.bss)
    .bss                                     0x200005a4   Section       96  libspace.o(.bss)
    HEAP                                     0x20000608   Section      512  startup_stm32f40_41xxx.o(HEAP)
    Heap_Mem                                 0x20000608   Data         512  startup_stm32f40_41xxx.o(HEAP)
    STACK                                    0x20000808   Section     1024  startup_stm32f40_41xxx.o(STACK)
    Stack_Mem                                0x20000808   Data        1024  startup_stm32f40_41xxx.o(STACK)
    __initial_sp                             0x20000c08   Data           0  startup_stm32f40_41xxx.o(STACK)

    Global Symbols

    Symbol Name                              Value     Ov Type        Size  Object(Section)

    BuildAttributes$$THM_ISAv4$E$P$D$K$B$S$7EM$VFPi3$EXTD16$VFPS$VFMA$PE$A:L22UL41UL21$X:L11$S22US41US21$IEEE1$IW$USESV6$~STKCKD$USESV7$~SHL$OTIME$ROPI$IEEEX$EBA8$UX$STANDARDLIB$REQ8$PRES8$EABIv2 0x00000000   Number         0  anon$$obj.o ABSOLUTE
    __ARM_use_no_argv                        0x00000000   Number         0  main.o ABSOLUTE
    _printf_flags                            0x00000000   Number         0  printf_stubs.o ABSOLUTE
    _printf_return_value                     0x00000000   Number         0  printf_stubs.o ABSOLUTE
    _printf_sizespec                         0x00000000   Number         0  printf_stubs.o ABSOLUTE
    _printf_widthprec                        0x00000000   Number         0  printf_stubs.o ABSOLUTE
    __ARM_exceptions_init                     - Undefined Weak Reference
    __alloca_initialize                       - Undefined Weak Reference
    __arm_preinit_                            - Undefined Weak Reference
    __cpp_initialize__aeabi_                  - Undefined Weak Reference
    __cxa_finalize                            - Undefined Weak Reference
    __sigvec_lookup                           - Undefined Weak Reference
    __user_heap_extent                        - Undefined Weak Reference
    _atexit_init                              - Undefined Weak Reference
    _call_atexit_fns                          - Undefined Weak Reference
    _clock_init                               - Undefined Weak Reference
    _fp_trap_init                             - Undefined Weak Reference
    _fp_trap_shutdown                         - Undefined Weak Reference
    _get_lc_collate                           - Undefined Weak Reference
    _get_lc_ctype                             - Undefined Weak Reference
    _get_lc_monetary                          - Undefined Weak Reference
    _get_lc_time                              - Undefined Weak Reference
    _getenv_init                              - Undefined Weak Reference
    _handle_redirection                       - Undefined Weak Reference
    _initio                                   - Undefined Weak Reference
    _mutex_acquire                            - Undefined Weak Reference
    _mutex_free                               - Undefined Weak Reference
    _mutex_release                            - Undefined Weak Reference
    _rand_init                                - Undefined Weak Reference
    _signal_finish                            - Undefined Weak Reference
    _signal_init                              - Undefined Weak Reference
    _terminateio                              - Undefined Weak Reference
    __Vectors_Size                           0x00000188   Number         0  startup_stm32f40_41xxx.o ABSOLUTE
    __Vectors                                0x08000000   Data           4  startup_stm32f40_41xxx.o(RESET)
    __Vectors_End                            0x08000188   Data           0  startup_stm32f40_41xxx.o(RESET)
    __main                                   0x08000189   Thumb Code     8  __main.o(!!!main)
    __scatterload                            0x08000191   Thumb Code     0  __scatter.o(!!!scatter)
    __scatterload_rt2                        0x08000191   Thumb Code    44  __scatter.o(!!!scatter)
    __scatterload_rt2_thumb_only             0x08000191   Thumb Code     0  __scatter.o(!!!scatter)
    __scatterload_null                       0x0800019f   Thumb Code     0  __scatter.o(!!!scatter)
    __scatterload_copy                       0x080001c5   Thumb Code    26  __scatter_copy.o(!!handler_copy)
    __scatterload_zeroinit                   0x080001e1   Thumb Code    28  __scatter_zi.o(!!handler_zi)
    _printf_f                                0x080001fd   Thumb Code     0  _printf_f.o(.ARM.Collect$$_printf_percent$$00000003)
    _printf_percent                          0x080001fd   Thumb Code     0  _printf_percent.o(.ARM.Collect$$_printf_percent$$00000000)
    _printf_percent_end                      0x08000203   Thumb Code     0  _printf_percent_end.o(.ARM.Collect$$_printf_percent$$00000017)
    __rt_lib_init                            0x08000207   Thumb Code     0  libinit.o(.ARM.Collect$$libinit$$00000000)
    __rt_lib_init_fp_1                       0x08000209   Thumb Code     0  libinit2.o(.ARM.Collect$$libinit$$00000001)
    __rt_lib_init_heap_2                     0x0800020d   Thumb Code     0  libinit2.o(.ARM.Collect$$libinit$$00000005)
    __rt_lib_init_preinit_1                  0x0800020d   Thumb Code     0  libinit2.o(.ARM.Collect$$libinit$$00000004)
    __rt_lib_init_heap_1                     0x08000215   Thumb Code     0  libinit2.o(.ARM.Collect$$libinit$$0000000A)
    __rt_lib_init_lc_common                  0x08000215   Thumb Code     0  libinit2.o(.ARM.Collect$$libinit$$0000000F)
    __rt_lib_init_rand_1                     0x08000215   Thumb Code     0  libinit2.o(.ARM.Collect$$libinit$$0000000E)
    __rt_lib_init_user_alloc_1               0x08000215   Thumb Code     0  libinit2.o(.ARM.Collect$$libinit$$0000000C)
    __rt_lib_init_lc_collate_1               0x0800021b   Thumb Code     0  libinit2.o(.ARM.Collect$$libinit$$00000011)
    __rt_lib_init_lc_ctype_1                 0x0800021b   Thumb Code     0  libinit2.o(.ARM.Collect$$libinit$$00000013)
    __rt_lib_init_lc_monetary_1              0x0800021b   Thumb Code     0  libinit2.o(.ARM.Collect$$libinit$$00000015)
    __rt_lib_init_lc_numeric_2               0x0800021b   Thumb Code     0  libinit2.o(.ARM.Collect$$libinit$$00000016)
    __rt_lib_init_alloca_1                   0x08000225   Thumb Code     0  libinit2.o(.ARM.Collect$$libinit$$0000002E)
    __rt_lib_init_argv_1                     0x08000225   Thumb Code     0  libinit2.o(.ARM.Collect$$libinit$$0000002C)
    __rt_lib_init_atexit_1                   0x08000225   Thumb Code     0  libinit2.o(.ARM.Collect$$libinit$$0000001B)
    __rt_lib_init_clock_1                    0x08000225   Thumb Code     0  libinit2.o(.ARM.Collect$$libinit$$00000021)
    __rt_lib_init_cpp_1                      0x08000225   Thumb Code     0  libinit2.o(.ARM.Collect$$libinit$$00000032)
    __rt_lib_init_exceptions_1               0x08000225   Thumb Code     0  libinit2.o(.ARM.Collect$$libinit$$00000030)
    __rt_lib_init_fp_trap_1                  0x08000225   Thumb Code     0  libinit2.o(.ARM.Collect$$libinit$$0000001F)
    __rt_lib_init_getenv_1                   0x08000225   Thumb Code     0  libinit2.o(.ARM.Collect$$libinit$$00000023)
    __rt_lib_init_lc_numeric_1               0x08000225   Thumb Code     0  libinit2.o(.ARM.Collect$$libinit$$00000017)
    __rt_lib_init_lc_time_1                  0x08000225   Thumb Code     0  libinit2.o(.ARM.Collect$$libinit$$00000019)
    __rt_lib_init_return                     0x08000225   Thumb Code     0  libinit2.o(.ARM.Collect$$libinit$$00000033)
    __rt_lib_init_signal_1                   0x08000225   Thumb Code     0  libinit2.o(.ARM.Collect$$libinit$$0000001D)
    __rt_lib_init_stdio_1                    0x08000225   Thumb Code     0  libinit2.o(.ARM.Collect$$libinit$$00000025)
    __rt_lib_shutdown                        0x08000227   Thumb Code     0  libshutdown.o(.ARM.Collect$$libshutdown$$00000000)
    __rt_lib_shutdown_cpp_1                  0x08000229   Thumb Code     0  libshutdown2.o(.ARM.Collect$$libshutdown$$00000002)
    __rt_lib_shutdown_fp_trap_1              0x08000229   Thumb Code     0  libshutdown2.o(.ARM.Collect$$libshutdown$$00000007)
    __rt_lib_shutdown_heap_1                 0x08000229   Thumb Code     0  libshutdown2.o(.ARM.Collect$$libshutdown$$0000000F)
    __rt_lib_shutdown_return                 0x08000229   Thumb Code     0  libshutdown2.o(.ARM.Collect$$libshutdown$$00000010)
    __rt_lib_shutdown_signal_1               0x08000229   Thumb Code     0  libshutdown2.o(.ARM.Collect$$libshutdown$$0000000A)
    __rt_lib_shutdown_stdio_1                0x08000229   Thumb Code     0  libshutdown2.o(.ARM.Collect$$libshutdown$$00000004)
    __rt_lib_shutdown_user_alloc_1           0x08000229   Thumb Code     0  libshutdown2.o(.ARM.Collect$$libshutdown$$0000000C)
    __rt_entry                               0x0800022b   Thumb Code     0  __rtentry.o(.ARM.Collect$$rtentry$$00000000)
    __rt_entry_presh_1                       0x0800022b   Thumb Code     0  __rtentry2.o(.ARM.Collect$$rtentry$$00000002)
    __rt_entry_sh                            0x0800022b   Thumb Code     0  __rtentry4.o(.ARM.Collect$$rtentry$$00000004)
    __rt_entry_li                            0x08000231   Thumb Code     0  __rtentry2.o(.ARM.Collect$$rtentry$$0000000A)
    __rt_entry_postsh_1                      0x08000231   Thumb Code     0  __rtentry2.o(.ARM.Collect$$rtentry$$00000009)
    __rt_entry_main                          0x08000235   Thumb Code     0  __rtentry2.o(.ARM.Collect$$rtentry$$0000000D)
    __rt_entry_postli_1                      0x08000235   Thumb Code     0  __rtentry2.o(.ARM.Collect$$rtentry$$0000000C)
    __rt_exit                                0x0800023d   Thumb Code     0  rtexit.o(.ARM.Collect$$rtexit$$00000000)
    __rt_exit_ls                             0x0800023f   Thumb Code     0  rtexit2.o(.ARM.Collect$$rtexit$$00000003)
    __rt_exit_prels_1                        0x0800023f   Thumb Code     0  rtexit2.o(.ARM.Collect$$rtexit$$00000002)
    __rt_exit_exit                           0x08000243   Thumb Code     0  rtexit2.o(.ARM.Collect$$rtexit$$00000004)
    Reset_Handler                            0x08000249   Thumb Code     8  startup_stm32f40_41xxx.o(.text)
    _maybe_terminate_alloc                   0x08000249   Thumb Code     0  maybetermalloc1.o(.emb_text)
    NMI_Handler                              0x08000251   Thumb Code     2  startup_stm32f40_41xxx.o(.text)
    HardFault_Handler                        0x08000253   Thumb Code     2  startup_stm32f40_41xxx.o(.text)
    MemManage_Handler                        0x08000255   Thumb Code     2  startup_stm32f40_41xxx.o(.text)
    BusFault_Handler                         0x08000257   Thumb Code     2  startup_stm32f40_41xxx.o(.text)
    UsageFault_Handler                       0x08000259   Thumb Code     2  startup_stm32f40_41xxx.o(.text)
    SVC_Handler                              0x0800025b   Thumb Code     2  startup_stm32f40_41xxx.o(.text)
    DebugMon_Handler                         0x0800025d   Thumb Code     2  startup_stm32f40_41xxx.o(.text)
    PendSV_Handler                           0x0800025f   Thumb Code     2  startup_stm32f40_41xxx.o(.text)
    SysTick_Handler                          0x08000261   Thumb Code     2  startup_stm32f40_41xxx.o(.text)
    ADC_IRQHandler                           0x08000263   Thumb Code     0  startup_stm32f40_41xxx.o(.text)
    CAN1_RX0_IRQHandler                      0x08000263   Thumb Code     0  startup_stm32f40_41xxx.o(.text)
    CAN1_RX1_IRQHandler                      0x08000263   Thumb Code     0  startup_stm32f40_41xxx.o(.text)
    CAN1_SCE_IRQHandler                      0x08000263   Thumb Code     0  startup_stm32f40_41xxx.o(.text)
    CAN1_TX_IRQHandler                       0x08000263   Thumb Code     0  startup_stm32f40_41xxx.o(.text)
    CAN2_RX0_IRQHandler                      0x08000263   Thumb Code     0  startup_stm32f40_41xxx.o(.text)
    CAN2_RX1_IRQHandler                      0x08000263   Thumb Code     0  startup_stm32f40_41xxx.o(.text)
    CAN2_SCE_IRQHandler                      0x08000263   Thumb Code     0  startup_stm32f40_41xxx.o(.text)
    CAN2_TX_IRQHandler                       0x08000263   Thumb Code     0  startup_stm32f40_41xxx.o(.text)
    CRYP_IRQHandler                          0x08000263   Thumb Code     0  startup_stm32f40_41xxx.o(.text)
    DCMI_IRQHandler                          0x08000263   Thumb Code     0  startup_stm32f40_41xxx.o(.text)
    DMA1_Stream0_IRQHandler                  0x08000263   Thumb Code     0  startup_stm32f40_41xxx.o(.text)
    DMA1_Stream2_IRQHandler                  0x08000263   Thumb Code     0  startup_stm32f40_41xxx.o(.text)
    DMA1_Stream3_IRQHandler                  0x08000263   Thumb Code     0  startup_stm32f40_41xxx.o(.text)
    DMA1_Stream4_IRQHandler                  0x08000263   Thumb Code     0  startup_stm32f40_41xxx.o(.text)
    DMA1_Stream5_IRQHandler                  0x08000263   Thumb Code     0  startup_stm32f40_41xxx.o(.text)
    DMA1_Stream6_IRQHandler                  0x08000263   Thumb Code     0  startup_stm32f40_41xxx.o(.text)
    DMA1_Stream7_IRQHandler                  0x08000263   Thumb Code     0  startup_stm32f40_41xxx.o(.text)
    DMA2_Stream0_IRQHandler                  0x08000263   Thumb Code     0  startup_stm32f40_41xxx.o(.text)
    DMA2_Stream1_IRQHandler                  0x08000263   Thumb Code     0  startup_stm32f40_41xxx.o(.text)
    DMA2_Stream2_IRQHandler                  0x08000263   Thumb Code     0  startup_stm32f40_41xxx.o(.text)
    DMA2_Stream3_IRQHandler                  0x08000263   Thumb Code     0  startup_stm32f40_41xxx.o(.text)
    DMA2_Stream4_IRQHandler                  0x08000263   Thumb Code     0  startup_stm32f40_41xxx.o(.text)
    DMA2_Stream5_IRQHandler                  0x08000263   Thumb Code     0  startup_stm32f40_41xxx.o(.text)
    DMA2_Stream6_IRQHandler                  0x08000263   Thumb Code     0  startup_stm32f40_41xxx.o(.text)
    DMA2_Stream7_IRQHandler                  0x08000263   Thumb Code     0  startup_stm32f40_41xxx.o(.text)
    ETH_IRQHandler                           0x08000263   Thumb Code     0  startup_stm32f40_41xxx.o(.text)
    ETH_WKUP_IRQHandler                      0x08000263   Thumb Code     0  startup_stm32f40_41xxx.o(.text)
    EXTI0_IRQHandler                         0x08000263   Thumb Code     0  startup_stm32f40_41xxx.o(.text)
    EXTI3_IRQHandler                         0x08000263   Thumb Code     0  startup_stm32f40_41xxx.o(.text)
    EXTI4_IRQHandler                         0x08000263   Thumb Code     0  startup_stm32f40_41xxx.o(.text)
    EXTI9_5_IRQHandler                       0x08000263   Thumb Code     0  startup_stm32f40_41xxx.o(.text)
    FLASH_IRQHandler                         0x08000263   Thumb Code     0  startup_stm32f40_41xxx.o(.text)
    FPU_IRQHandler                           0x08000263   Thumb Code     0  startup_stm32f40_41xxx.o(.text)
    FSMC_IRQHandler                          0x08000263   Thumb Code     0  startup_stm32f40_41xxx.o(.text)
    HASH_RNG_IRQHandler                      0x08000263   Thumb Code     0  startup_stm32f40_41xxx.o(.text)
    I2C1_ER_IRQHandler                       0x08000263   Thumb Code     0  startup_stm32f40_41xxx.o(.text)
    I2C1_EV_IRQHandler                       0x08000263   Thumb Code     0  startup_stm32f40_41xxx.o(.text)
    I2C2_ER_IRQHandler                       0x08000263   Thumb Code     0  startup_stm32f40_41xxx.o(.text)
    I2C2_EV_IRQHandler                       0x08000263   Thumb Code     0  startup_stm32f40_41xxx.o(.text)
    I2C3_ER_IRQHandler                       0x08000263   Thumb Code     0  startup_stm32f40_41xxx.o(.text)
    I2C3_EV_IRQHandler                       0x08000263   Thumb Code     0  startup_stm32f40_41xxx.o(.text)
    OTG_FS_IRQHandler                        0x08000263   Thumb Code     0  startup_stm32f40_41xxx.o(.text)
    OTG_FS_WKUP_IRQHandler                   0x08000263   Thumb Code     0  startup_stm32f40_41xxx.o(.text)
    OTG_HS_EP1_IN_IRQHandler                 0x08000263   Thumb Code     0  startup_stm32f40_41xxx.o(.text)
    OTG_HS_EP1_OUT_IRQHandler                0x08000263   Thumb Code     0  startup_stm32f40_41xxx.o(.text)
    OTG_HS_IRQHandler                        0x08000263   Thumb Code     0  startup_stm32f40_41xxx.o(.text)
    OTG_HS_WKUP_IRQHandler                   0x08000263   Thumb Code     0  startup_stm32f40_41xxx.o(.text)
    PVD_IRQHandler                           0x08000263   Thumb Code     0  startup_stm32f40_41xxx.o(.text)
    RCC_IRQHandler                           0x08000263   Thumb Code     0  startup_stm32f40_41xxx.o(.text)
    RTC_Alarm_IRQHandler                     0x08000263   Thumb Code     0  startup_stm32f40_41xxx.o(.text)
    RTC_WKUP_IRQHandler                      0x08000263   Thumb Code     0  startup_stm32f40_41xxx.o(.text)
    SDIO_IRQHandler                          0x08000263   Thumb Code     0  startup_stm32f40_41xxx.o(.text)
    SPI1_IRQHandler                          0x08000263   Thumb Code     0  startup_stm32f40_41xxx.o(.text)
    SPI2_IRQHandler                          0x08000263   Thumb Code     0  startup_stm32f40_41xxx.o(.text)
    SPI3_IRQHandler                          0x08000263   Thumb Code     0  startup_stm32f40_41xxx.o(.text)
    TAMP_STAMP_IRQHandler                    0x08000263   Thumb Code     0  startup_stm32f40_41xxx.o(.text)
    TIM1_BRK_TIM9_IRQHandler                 0x08000263   Thumb Code     0  startup_stm32f40_41xxx.o(.text)
    TIM1_CC_IRQHandler                       0x08000263   Thumb Code     0  startup_stm32f40_41xxx.o(.text)
    TIM1_TRG_COM_TIM11_IRQHandler            0x08000263   Thumb Code     0  startup_stm32f40_41xxx.o(.text)
    TIM1_UP_TIM10_IRQHandler                 0x08000263   Thumb Code     0  startup_stm32f40_41xxx.o(.text)
    TIM4_IRQHandler                          0x08000263   Thumb Code     0  startup_stm32f40_41xxx.o(.text)
    TIM5_IRQHandler                          0x08000263   Thumb Code     0  startup_stm32f40_41xxx.o(.text)
    TIM6_DAC_IRQHandler                      0x08000263   Thumb Code     0  startup_stm32f40_41xxx.o(.text)
    TIM7_IRQHandler                          0x08000263   Thumb Code     0  startup_stm32f40_41xxx.o(.text)
    TIM8_BRK_TIM12_IRQHandler                0x08000263   Thumb Code     0  startup_stm32f40_41xxx.o(.text)
    TIM8_CC_IRQHandler                       0x08000263   Thumb Code     0  startup_stm32f40_41xxx.o(.text)
    TIM8_TRG_COM_TIM14_IRQHandler            0x08000263   Thumb Code     0  startup_stm32f40_41xxx.o(.text)
    TIM8_UP_TIM13_IRQHandler                 0x08000263   Thumb Code     0  startup_stm32f40_41xxx.o(.text)
    UART4_IRQHandler                         0x08000263   Thumb Code     0  startup_stm32f40_41xxx.o(.text)
    UART5_IRQHandler                         0x08000263   Thumb Code     0  startup_stm32f40_41xxx.o(.text)
    USART1_IRQHandler                        0x08000263   Thumb Code     0  startup_stm32f40_41xxx.o(.text)
    USART2_IRQHandler                        0x08000263   Thumb Code     0  startup_stm32f40_41xxx.o(.text)
    USART3_IRQHandler                        0x08000263   Thumb Code     0  startup_stm32f40_41xxx.o(.text)
    USART6_IRQHandler                        0x08000263   Thumb Code     0  startup_stm32f40_41xxx.o(.text)
    WWDG_IRQHandler                          0x08000263   Thumb Code     0  startup_stm32f40_41xxx.o(.text)
    __user_initial_stackheap                 0x08000265   Thumb Code     0  startup_stm32f40_41xxx.o(.text)
    malloc                                   0x08000289   Thumb Code    94  h1_alloc.o(.text)
    free                                     0x080002e7   Thumb Code    78  h1_free.o(.text)
    __2sprintf                               0x08000335   Thumb Code    34  noretval__2sprintf.o(.text)
    _printf_pre_padding                      0x0800035d   Thumb Code    44  _printf_pad.o(.text)
    _printf_post_padding                     0x08000389   Thumb Code    34  _printf_pad.o(.text)
    __printf                                 0x080003ab   Thumb Code   270  __printf_wp.o(.text)
    strcpy                                   0x080004b9   Thumb Code    72  strcpy.o(.text)
    strlen                                   0x08000501   Thumb Code    62  strlen.o(.text)
    strcat                                   0x0800053f   Thumb Code    24  strcat.o(.text)
    __aeabi_memcpy                           0x08000557   Thumb Code     0  rt_memcpy_v6.o(.text)
    __rt_memcpy                              0x08000557   Thumb Code   138  rt_memcpy_v6.o(.text)
    _memcpy_lastbytes                        0x080005bd   Thumb Code     0  rt_memcpy_v6.o(.text)
    __aeabi_memcpy4                          0x080005e1   Thumb Code     0  rt_memcpy_w.o(.text)
    __aeabi_memcpy8                          0x080005e1   Thumb Code     0  rt_memcpy_w.o(.text)
    __rt_memcpy_w                            0x080005e1   Thumb Code   100  rt_memcpy_w.o(.text)
    _memcpy_lastbytes_aligned                0x08000629   Thumb Code     0  rt_memcpy_w.o(.text)
    __aeabi_memclr                           0x08000645   Thumb Code     0  rt_memclr.o(.text)
    __rt_memclr                              0x08000645   Thumb Code    68  rt_memclr.o(.text)
    _memset                                  0x08000649   Thumb Code     0  rt_memclr.o(.text)
    __use_two_region_memory                  0x08000689   Thumb Code     2  heapauxi.o(.text)
    __rt_heap_escrow                         0x0800068b   Thumb Code     2  heapauxi.o(.text)
    __rt_heap_expand                         0x0800068d   Thumb Code     2  heapauxi.o(.text)
    __rt_heap_descriptor                     0x08000691   Thumb Code     8  rt_heap_descriptor_intlibspace.o(.text)
    __use_no_heap                            0x08000699   Thumb Code     2  hguard.o(.text)
    __heap$guard                             0x0800069b   Thumb Code     2  hguard.o(.text)
    _terminate_user_alloc                    0x0800069d   Thumb Code     2  init_alloc.o(.text)
    _init_user_alloc                         0x0800069f   Thumb Code     2  init_alloc.o(.text)
    __Heap_Full                              0x080006a1   Thumb Code    34  init_alloc.o(.text)
    __Heap_Broken                            0x080006c3   Thumb Code     6  init_alloc.o(.text)
    _init_alloc                              0x080006c9   Thumb Code    94  init_alloc.o(.text)
    __Heap_Initialize                        0x08000727   Thumb Code    10  h1_init.o(.text)
    __Heap_DescSize                          0x08000731   Thumb Code     4  h1_init.o(.text)
    __read_errno                             0x08000735   Thumb Code    10  _rserrno.o(.text)
    __set_errno                              0x0800073f   Thumb Code    12  _rserrno.o(.text)
    __lib_sel_fp_printf                      0x0800074b   Thumb Code     2  _printf_fp_dec.o(.text)
    _printf_fp_dec_real                      0x080008fd   Thumb Code   620  _printf_fp_dec.o(.text)
    _printf_char_common                      0x08000b73   Thumb Code    32  _printf_char_common.o(.text)
    _sputc                                   0x08000b99   Thumb Code    10  _sputc.o(.text)
    __aeabi_memclr4                          0x08000ba3   Thumb Code     0  rt_memclr_w.o(.text)
    __aeabi_memclr8                          0x08000ba3   Thumb Code     0  rt_memclr_w.o(.text)
    __rt_memclr_w                            0x08000ba3   Thumb Code    78  rt_memclr_w.o(.text)
    _memset_w                                0x08000ba7   Thumb Code     0  rt_memclr_w.o(.text)
    __user_libspace                          0x08000bf1   Thumb Code     8  libspace.o(.text)
    __user_perproc_libspace                  0x08000bf1   Thumb Code     0  libspace.o(.text)
    __user_perthread_libspace                0x08000bf1   Thumb Code     0  libspace.o(.text)
    __rt_locale                              0x08000bf9   Thumb Code     8  rt_locale_intlibspace.o(.text)
    __aeabi_errno_addr                       0x08000c01   Thumb Code     8  rt_errno_addr_intlibspace.o(.text)
    __errno$intlibspace                      0x08000c01   Thumb Code     0  rt_errno_addr_intlibspace.o(.text)
    __rt_errno_addr$intlibspace              0x08000c01   Thumb Code     0  rt_errno_addr_intlibspace.o(.text)
    __Heap_ProvideMemory                     0x08000c09   Thumb Code    52  h1_extend.o(.text)
    _ll_udiv10                               0x08000c3d   Thumb Code   138  lludiv10.o(.text)
    _printf_fp_infnan                        0x08000cc9   Thumb Code   112  _printf_fp_infnan.o(.text)
    _btod_etento                             0x08000d49   Thumb Code   224  bigflt0.o(.text)
    __rt_SIGRTMEM                            0x08000e2d   Thumb Code    14  defsig_rtmem_outer.o(.text)
    __I$use$semihosting                      0x08000e3b   Thumb Code     0  use_no_semi.o(.text)
    __use_no_semihosting_swi                 0x08000e3b   Thumb Code     2  use_no_semi.o(.text)
    __semihosting_library_function           0x08000e3d   Thumb Code     0  indicate_semi.o(.text)
    __user_setup_stackheap                   0x08000e3d   Thumb Code    74  sys_stackheap_outer.o(.text)
    exit                                     0x08000e87   Thumb Code    18  exit.o(.text)
    __sig_exit                               0x08000e99   Thumb Code    10  defsig_exit.o(.text)
    __rt_SIGRTMEM_inner                      0x08000ea5   Thumb Code    22  defsig_rtmem_inner.o(.text)
    strcmp                                   0x08000ef5   Thumb Code   128  strcmpv7m.o(.text)
    _sys_exit                                0x08000f75   Thumb Code     8  sys_exit.o(.text)
    __default_signal_display                 0x08000f81   Thumb Code    50  defsig_general.o(.text)
    _ttywrch                                 0x08000fb3   Thumb Code    14  sys_wrch.o(.text)
    _btod_d2e                                0x08000fc1   Thumb Code    62  btod.o(CL$$btod_d2e)
    _d2e_denorm_low                          0x08000fff   Thumb Code    70  btod.o(CL$$btod_d2e_denorm_low)
    _d2e_norm_op1                            0x08001045   Thumb Code    96  btod.o(CL$$btod_d2e_norm_op1)
    __btod_div_common                        0x080010a5   Thumb Code   696  btod.o(CL$$btod_div_common)
    _e2e                                     0x080013dd   Thumb Code   220  btod.o(CL$$btod_e2e)
    _btod_ediv                               0x080014b9   Thumb Code    42  btod.o(CL$$btod_ediv)
    _btod_emul                               0x080014e3   Thumb Code    42  btod.o(CL$$btod_emul)
    __btod_mult_common                       0x0800150d   Thumb Code   580  btod.o(CL$$btod_mult_common)
    Bytes2float                              0x08001751   Thumb Code    32  calculator.o(i.Bytes2float)
    Calcu_Pos                                0x08001771   Thumb Code   112  servo.o(i.Calcu_Pos)
    DMA1_Stream1_IRQHandler                  0x080017f1   Thumb Code    38  main.o(i.DMA1_Stream1_IRQHandler)
    DMA_ClearFlag                            0x08001825   Thumb Code    38  stm32f4xx_dma.o(i.DMA_ClearFlag)
    DMA_ClearITPendingBit                    0x08001859   Thumb Code    38  stm32f4xx_dma.o(i.DMA_ClearITPendingBit)
    DMA_Cmd                                  0x0800188d   Thumb Code    22  stm32f4xx_dma.o(i.DMA_Cmd)
    DMA_ITConfig                             0x080018a3   Thumb Code    58  stm32f4xx_dma.o(i.DMA_ITConfig)
    DMA_Init                                 0x080018dd   Thumb Code    82  stm32f4xx_dma.o(i.DMA_Init)
    EEP_Init                                 0x08001935   Thumb Code   132  eeprom.o(i.EEP_Init)
    EEP_ReadBytes                            0x080019c5   Thumb Code    84  eeprom.o(i.EEP_ReadBytes)
    EEP_WriteBytes                           0x08001a1d   Thumb Code    92  eeprom.o(i.EEP_WriteBytes)
    ENC_Reset                                0x08001a7d   Thumb Code    34  encoder.o(i.ENC_Reset)
    ENC_Timer_Init                           0x08001aa5   Thumb Code    90  encoder.o(i.ENC_Timer_Init)
    EXTI15_10_IRQHandler                     0x08001b01   Thumb Code   170  homeswitch.o(i.EXTI15_10_IRQHandler)
    EXTI1_IRQHandler                         0x08001bb9   Thumb Code    42  homeswitch.o(i.EXTI1_IRQHandler)
    EXTI2_IRQHandler                         0x08001bf1   Thumb Code    42  homeswitch.o(i.EXTI2_IRQHandler)
    EXTI_ClearITPendingBit                   0x08001c29   Thumb Code     6  stm32f4xx_exti.o(i.EXTI_ClearITPendingBit)
    EXTI_GetITStatus                         0x08001c35   Thumb Code    20  stm32f4xx_exti.o(i.EXTI_GetITStatus)
    EXTI_Init                                0x08001c4d   Thumb Code   142  stm32f4xx_exti.o(i.EXTI_Init)
    Ex_Usart_SendData                        0x08001ce1   Thumb Code    80  uart.o(i.Ex_Usart_SendData)
    FSMC_ENC_Reset                           0x08001d41   Thumb Code    72  fsmc.o(i.FSMC_ENC_Reset)
    FSMC_ENC_Update_Pos                      0x08001da1   Thumb Code   198  fsmc.o(i.FSMC_ENC_Update_Pos)
    FSMC_Init                                0x08001e79   Thumb Code   508  fsmc.o(i.FSMC_Init)
    FSMC_NORSRAMCmd                          0x08002085   Thumb Code    46  stm32f4xx_fsmc.o(i.FSMC_NORSRAMCmd)
    FSMC_NORSRAMInit                         0x080020b9   Thumb Code   230  stm32f4xx_fsmc.o(i.FSMC_NORSRAMInit)
    FSMC_Read                                0x080021a1   Thumb Code    14  fsmc.o(i.FSMC_Read)
    FSMC_Write                               0x080021b5   Thumb Code     4  fsmc.o(i.FSMC_Write)
    GPIO_Init                                0x080021b9   Thumb Code   144  stm32f4xx_gpio.o(i.GPIO_Init)
    GPIO_PinAFConfig                         0x08002249   Thumb Code    70  stm32f4xx_gpio.o(i.GPIO_PinAFConfig)
    GPIO_ReadInputDataBit                    0x0800228f   Thumb Code    18  stm32f4xx_gpio.o(i.GPIO_ReadInputDataBit)
    GPIO_ResetBits                           0x080022a1   Thumb Code     4  stm32f4xx_gpio.o(i.GPIO_ResetBits)
    GPIO_SetBits                             0x080022a5   Thumb Code     4  stm32f4xx_gpio.o(i.GPIO_SetBits)
    HomeScanMode                             0x080022a9   Thumb Code   308  operationmode.o(i.HomeScanMode)
    Home_Scan_Begin                          0x08002429   Thumb Code    24  homeswitch.o(i.Home_Scan_Begin)
    Home_Status                              0x08002445   Thumb Code    42  homeswitch.o(i.Home_Status)
    I2C_AcknowledgeConfig                    0x08002475   Thumb Code    24  stm32f4xx_i2c.o(i.I2C_AcknowledgeConfig)
    I2C_CheckEvent                           0x0800248d   Thumb Code    42  stm32f4xx_i2c.o(i.I2C_CheckEvent)
    I2C_Cmd                                  0x080024b7   Thumb Code    24  stm32f4xx_i2c.o(i.I2C_Cmd)
    I2C_DeInit                               0x080024d1   Thumb Code    82  stm32f4xx_i2c.o(i.I2C_DeInit)
    I2C_GenerateSTART                        0x08002531   Thumb Code    24  stm32f4xx_i2c.o(i.I2C_GenerateSTART)
    I2C_GenerateSTOP                         0x08002549   Thumb Code    24  stm32f4xx_i2c.o(i.I2C_GenerateSTOP)
    I2C_GetFlagStatus                        0x08002561   Thumb Code    58  stm32f4xx_i2c.o(i.I2C_GetFlagStatus)
    I2C_Init                                 0x0800259d   Thumb Code   218  stm32f4xx_i2c.o(i.I2C_Init)
    I2C_ReadBytes                            0x08002685   Thumb Code   336  eeprom.o(i.I2C_ReadBytes)
    I2C_ReceiveData                          0x080027e1   Thumb Code     8  stm32f4xx_i2c.o(i.I2C_ReceiveData)
    I2C_Send7bitAddress                      0x080027e9   Thumb Code    16  stm32f4xx_i2c.o(i.I2C_Send7bitAddress)
    I2C_SendData                             0x080027f9   Thumb Code     4  stm32f4xx_i2c.o(i.I2C_SendData)
    I2C_WriteBytes                           0x080027fd   Thumb Code   230  eeprom.o(i.I2C_WriteBytes)
    IdleMode                                 0x080028f1   Thumb Code    26  operationmode.o(i.IdleMode)
    InverseKinematicMode                     0x08002921   Thumb Code   156  operationmode.o(i.InverseKinematicMode)
    NVIC_Init                                0x08002a15   Thumb Code   106  misc.o(i.NVIC_Init)
    NVIC_PriorityGroupConfig                 0x08002a8d   Thumb Code    10  misc.o(i.NVIC_PriorityGroupConfig)
    Pos_servo_all                            0x08002aa1   Thumb Code   582  servo.o(i.Pos_servo_all)
    RCC_AHB1PeriphClockCmd                   0x08002d15   Thumb Code    26  stm32f4xx_rcc.o(i.RCC_AHB1PeriphClockCmd)
    RCC_AHB3PeriphClockCmd                   0x08002d35   Thumb Code    26  stm32f4xx_rcc.o(i.RCC_AHB3PeriphClockCmd)
    RCC_APB1PeriphClockCmd                   0x08002d55   Thumb Code    26  stm32f4xx_rcc.o(i.RCC_APB1PeriphClockCmd)
    RCC_APB1PeriphResetCmd                   0x08002d75   Thumb Code    26  stm32f4xx_rcc.o(i.RCC_APB1PeriphResetCmd)
    RCC_APB2PeriphClockCmd                   0x08002d95   Thumb Code    26  stm32f4xx_rcc.o(i.RCC_APB2PeriphClockCmd)
    RCC_GetClocksFreq                        0x08002db5   Thumb Code   214  stm32f4xx_rcc.o(i.RCC_GetClocksFreq)
    Read_Home_Switch                         0x08002e9d   Thumb Code   250  utils.o(i.Read_Home_Switch)
    SYSCFG_EXTILineConfig                    0x08002fa1   Thumb Code    60  stm32f4xx_syscfg.o(i.SYSCFG_EXTILineConfig)
    Servo_Control_Timer_Init                 0x08002fe1   Thumb Code    88  servo.o(i.Servo_Control_Timer_Init)
    Servo_Home_Switch_Init                   0x0800303d   Thumb Code   680  homeswitch.o(i.Servo_Home_Switch_Init)
    Servo_pos_per_cycle                      0x080032ed   Thumb Code   506  servo.o(i.Servo_pos_per_cycle)
    Servo_pulse                              0x08003505   Thumb Code    50  fsmc.o(i.Servo_pulse)
    SystemInit                               0x08003625   Thumb Code    88  system_stm32f4xx.o(i.SystemInit)
    TIM2_IRQHandler                          0x0800368d   Thumb Code    68  encoder.o(i.TIM2_IRQHandler)
    TIM3_IRQHandler                          0x080036d9   Thumb Code    32  servo.o(i.TIM3_IRQHandler)
    TIM_ClearITPendingBit                    0x08003701   Thumb Code     6  stm32f4xx_tim.o(i.TIM_ClearITPendingBit)
    TIM_Cmd                                  0x08003707   Thumb Code    24  stm32f4xx_tim.o(i.TIM_Cmd)
    TIM_GetITStatus                          0x0800371f   Thumb Code    34  stm32f4xx_tim.o(i.TIM_GetITStatus)
    TIM_ITConfig                             0x08003741   Thumb Code    18  stm32f4xx_tim.o(i.TIM_ITConfig)
    TIM_TimeBaseInit                         0x08003755   Thumb Code   104  stm32f4xx_tim.o(i.TIM_TimeBaseInit)
    TestingMode                              0x080037d9   Thumb Code   224  operationmode.o(i.TestingMode)
    UART_DMA_Init                            0x080038ed   Thumb Code   376  uart.o(i.UART_DMA_Init)
    UART_Send_PC_Encoder_Pos                 0x08003a79   Thumb Code   118  uart.o(i.UART_Send_PC_Encoder_Pos)
    USART_Cmd                                0x08003b05   Thumb Code    24  stm32f4xx_usart.o(i.USART_Cmd)
    USART_DMACmd                             0x08003b1d   Thumb Code    18  stm32f4xx_usart.o(i.USART_DMACmd)
    USART_Init                               0x08003b31   Thumb Code   204  stm32f4xx_usart.o(i.USART_Init)
    Uart_Cmd_Update                          0x08003c05   Thumb Code    26  uart.o(i.Uart_Cmd_Update)
    Uart_Program                             0x08003c29   Thumb Code  1876  main.o(i.Uart_Program)
    __ARM_fpclassify                         0x080043b1   Thumb Code    48  fpclassify.o(i.__ARM_fpclassify)
    __hardfp_cos                             0x080043e1   Thumb Code   180  cos.o(i.__hardfp_cos)
    __hardfp_sin                             0x080044a9   Thumb Code   180  sin.o(i.__hardfp_sin)
    __hardfp_sqrt                            0x08004571   Thumb Code   122  sqrt.o(i.__hardfp_sqrt)
    __ieee754_rem_pio2                       0x080045f1   Thumb Code   938  rred.o(i.__ieee754_rem_pio2)
    __kernel_cos                             0x08004a29   Thumb Code   322  cos_i.o(i.__kernel_cos)
    __kernel_poly                            0x08004b99   Thumb Code   248  poly.o(i.__kernel_poly)
    __kernel_sin                             0x08004c91   Thumb Code   280  sin_i.o(i.__kernel_sin)
    __mathlib_dbl_infnan                     0x08004dc1   Thumb Code    20  dunder.o(i.__mathlib_dbl_infnan)
    __mathlib_dbl_invalid                    0x08004dd9   Thumb Code    24  dunder.o(i.__mathlib_dbl_invalid)
    __mathlib_dbl_underflow                  0x08004df9   Thumb Code    24  dunder.o(i.__mathlib_dbl_underflow)
    _is_digit                                0x08004e19   Thumb Code    14  __printf_wp.o(i._is_digit)
    asc2dou                                  0x08004e27   Thumb Code    14  calculator.o(i.asc2dou)
    delay_01ms                               0x08004e35   Thumb Code    66  utils.o(i.delay_01ms)
    fabs                                     0x08004e7d   Thumb Code    24  fabs.o(i.fabs)
    find_a_factor                            0x08004e95   Thumb Code   352  calculator.o(i.find_a_factor)
    float2Bytes                              0x08004ff9   Thumb Code     6  calculator.o(i.float2Bytes)
    height_triangle                          0x08005001   Thumb Code   154  calculator.o(i.height_triangle)
    inverse_kinematic                        0x080050a5   Thumb Code  1132  kinematic.o(i.inverse_kinematic)
    is_minus                                 0x08005511   Thumb Code    16  calculator.o(i.is_minus)
    main                                     0x08005521   Thumb Code   372  main.o(i.main)
    matR_calculate                           0x08005721   Thumb Code  1348  kinematic.o(i.matR_calculate)
    matrix_addition                          0x08005c65   Thumb Code   346  calculator.o(i.matrix_addition)
    matrix_inverse                           0x08005dc1   Thumb Code   362  calculator.o(i.matrix_inverse)
    matrix_multiplication                    0x08005f31   Thumb Code   400  calculator.o(i.matrix_multiplication)
    my_delay_us                              0x080060c5   Thumb Code    36  utils.o(i.my_delay_us)
    pos2pul                                  0x080060ed   Thumb Code    26  calculator.o(i.pos2pul)
    pos2pul_redundance                       0x0800610d   Thumb Code   130  calculator.o(i.pos2pul_redundance)
    pos_calculate                            0x08006199   Thumb Code    28  kinematic.o(i.pos_calculate)
    pul2pos                                  0x080061b9   Thumb Code    56  calculator.o(i.pul2pos)
    pulse_path_planning                      0x080061f9   Thumb Code    96  calculator.o(i.pulse_path_planning)
    pulse_pp_cal                             0x08006259   Thumb Code    86  calculator.o(i.pulse_pp_cal)
    q_calculate                              0x080062af   Thumb Code    90  calculator.o(i.q_calculate)
    vector_3_norm                            0x08006309   Thumb Code    92  calculator.o(i.vector_3_norm)
    _get_lc_numeric                          0x08006365   Thumb Code    44  lc_numeric_c.o(locale$$code)
    __aeabi_dneg                             0x08006391   Thumb Code     0  basic.o(x$fpl$basic)
    _dneg                                    0x08006391   Thumb Code     6  basic.o(x$fpl$basic)
    __aeabi_fneg                             0x08006397   Thumb Code     0  basic.o(x$fpl$basic)
    _fneg                                    0x08006397   Thumb Code     6  basic.o(x$fpl$basic)
    _dabs                                    0x0800639d   Thumb Code     6  basic.o(x$fpl$basic)
    _fabs                                    0x080063a3   Thumb Code     6  basic.o(x$fpl$basic)
    __aeabi_d2f                              0x080063a9   Thumb Code     0  d2f.o(x$fpl$d2f)
    _d2f                                     0x080063a9   Thumb Code    98  d2f.o(x$fpl$d2f)
    __aeabi_dadd                             0x0800640d   Thumb Code     0  daddsub_clz.o(x$fpl$dadd)
    _dadd                                    0x0800640d   Thumb Code   332  daddsub_clz.o(x$fpl$dadd)
    __aeabi_ddiv                             0x0800655d   Thumb Code     0  ddiv.o(x$fpl$ddiv)
    _ddiv                                    0x0800655d   Thumb Code   552  ddiv.o(x$fpl$ddiv)
    __aeabi_d2iz                             0x0800680d   Thumb Code     0  dfix.o(x$fpl$dfix)
    _dfix                                    0x0800680d   Thumb Code    94  dfix.o(x$fpl$dfix)
    __aeabi_i2d                              0x0800686b   Thumb Code     0  dflt_clz.o(x$fpl$dflt)
    _dflt                                    0x0800686b   Thumb Code    46  dflt_clz.o(x$fpl$dflt)
    __aeabi_ui2d                             0x08006899   Thumb Code     0  dflt_clz.o(x$fpl$dfltu)
    _dfltu                                   0x08006899   Thumb Code    38  dflt_clz.o(x$fpl$dfltu)
    __aeabi_dmul                             0x080068c1   Thumb Code     0  dmul.o(x$fpl$dmul)
    _dmul                                    0x080068c1   Thumb Code   332  dmul.o(x$fpl$dmul)
    __fpl_dnaninf                            0x08006a15   Thumb Code   156  dnaninf.o(x$fpl$dnaninf)
    __fpl_dretinf                            0x08006ab1   Thumb Code    12  dretinf.o(x$fpl$dretinf)
    __aeabi_drsub                            0x08006abd   Thumb Code     0  daddsub_clz.o(x$fpl$drsb)
    _drsb                                    0x08006abd   Thumb Code    22  daddsub_clz.o(x$fpl$drsb)
    _dsqrt                                   0x08006ad5   Thumb Code   404  dsqrt_umaal.o(x$fpl$dsqrt)
    __aeabi_dsub                             0x08006c6d   Thumb Code     0  daddsub_clz.o(x$fpl$dsub)
    _dsub                                    0x08006c6d   Thumb Code   464  daddsub_clz.o(x$fpl$dsub)
    __aeabi_f2d                              0x08006e41   Thumb Code     0  f2d.o(x$fpl$f2d)
    _f2d                                     0x08006e41   Thumb Code    86  f2d.o(x$fpl$f2d)
    __fpl_fnaninf                            0x08006e97   Thumb Code   140  fnaninf.o(x$fpl$fnaninf)
    _fp_init                                 0x08006f23   Thumb Code    10  fpinit.o(x$fpl$fpinit)
    __fplib_config_fpu_vfp                   0x08006f2b   Thumb Code     0  fpinit.o(x$fpl$fpinit)
    __fplib_config_pureend_doubles           0x08006f2b   Thumb Code     0  fpinit.o(x$fpl$fpinit)
    __fpl_fretinf                            0x08006f2d   Thumb Code    10  fretinf.o(x$fpl$fretinf)
    _printf_fp_dec                           0x08006f37   Thumb Code     4  printf1.o(x$fpl$printf1)
    __I$use$fp                               0x08006f3a   Number         0  usenofp.o(x$fpl$usenofp)
    Region$$Table$$Base                      0x08007144   Number         0  anon$$obj.o(Region$$Table)
    Region$$Table$$Limit                     0x08007164   Number         0  anon$$obj.o(Region$$Table)
    rx_flag                                  0x20000000   Data           1  main.o(.data)
    save_pos_count                           0x20000002   Data           2  main.o(.data)
    vSGUI_ready_flag                         0x20000004   Data           1  main.o(.data)
    Mode                                     0x20000005   Data           1  main.o(.data)
    p                                        0x20000006   Data           1  main.o(.data)
    Servo_dir                                0x2000001d   Data           6  servo.o(.data)
    pulse_empty                              0x20000023   Data           6  servo.o(.data)
    len                                      0x2000002a   Data           1  uart.o(.data)
    HOME_OFFSET                              0x20000030   Data          24  main.o(.bss)
    MAX_OF_TRIP                              0x20000048   Data          24  main.o(.bss)
    str_tx_uart                              0x20000060   Data         500  main.o(.bss)
    st_hexapod_data                          0x20000254   Data          24  main.o(.bss)
    st_servo_data                            0x200002b4   Data         216  homeswitch.o(.bss)
    Servo_pos_pre                            0x2000038c   Data          24  servo.o(.bss)
    Servo_pos_cur                            0x200003a4   Data          24  servo.o(.bss)
    Servo_pos_distance                       0x200003bc   Data          24  servo.o(.bss)
    txbuff                                   0x20000444   Data         100  uart.o(.bss)
    rxbuff                                   0x200004a8   Data          52  uart.o(.bss)
    frame                                    0x200004dc   Data         100  uart.o(.bss)
    __libspace_start                         0x200005a4   Data          96  libspace.o(.bss)
    __temporary_stack_top$libspace           0x20000604   Data           0  libspace.o(.bss)



==============================================================================

Memory Map of the image

  Image Entry point : 0x08000249

  Load Region LR_1 (Base: 0x08000000, Size: 0x000071b0, Max: 0xffffffff, ABSOLUTE)

    Execution Region ER_RO (Exec base: 0x08000000, Load base: 0x08000000, Size: 0x00007180, Max: 0xffffffff, ABSOLUTE)

    Exec Addr    Load Addr    Size         Type   Attr      Idx    E Section Name        Object

    0x08000000   0x08000000   0x00000188   Data   RO          150    RESET               startup_stm32f40_41xxx.o
    0x08000188   0x08000188   0x00000008   Code   RO         3379  * !!!main             c_w.l(__main.o)
    0x08000190   0x08000190   0x00000034   Code   RO         3776    !!!scatter          c_w.l(__scatter.o)
    0x080001c4   0x080001c4   0x0000001a   Code   RO         3778    !!handler_copy      c_w.l(__scatter_copy.o)
    0x080001de   0x080001de   0x00000002   PAD
    0x080001e0   0x080001e0   0x0000001c   Code   RO         3780    !!handler_zi        c_w.l(__scatter_zi.o)
    0x080001fc   0x080001fc   0x00000000   Code   RO         3364    .ARM.Collect$$_printf_percent$$00000000  c_w.l(_printf_percent.o)
    0x080001fc   0x080001fc   0x00000006   Code   RO         3363    .ARM.Collect$$_printf_percent$$00000003  c_w.l(_printf_f.o)
    0x08000202   0x08000202   0x00000004   Code   RO         3485    .ARM.Collect$$_printf_percent$$00000017  c_w.l(_printf_percent_end.o)
    0x08000206   0x08000206   0x00000002   Code   RO         3715    .ARM.Collect$$libinit$$00000000  c_w.l(libinit.o)
    0x08000208   0x08000208   0x00000004   Code   RO         3490    .ARM.Collect$$libinit$$00000001  c_w.l(libinit2.o)
    0x0800020c   0x0800020c   0x00000000   Code   RO         3493    .ARM.Collect$$libinit$$00000004  c_w.l(libinit2.o)
    0x0800020c   0x0800020c   0x00000008   Code   RO         3494    .ARM.Collect$$libinit$$00000005  c_w.l(libinit2.o)
    0x08000214   0x08000214   0x00000000   Code   RO         3496    .ARM.Collect$$libinit$$0000000A  c_w.l(libinit2.o)
    0x08000214   0x08000214   0x00000000   Code   RO         3498    .ARM.Collect$$libinit$$0000000C  c_w.l(libinit2.o)
    0x08000214   0x08000214   0x00000000   Code   RO         3500    .ARM.Collect$$libinit$$0000000E  c_w.l(libinit2.o)
    0x08000214   0x08000214   0x00000006   Code   RO         3501    .ARM.Collect$$libinit$$0000000F  c_w.l(libinit2.o)
    0x0800021a   0x0800021a   0x00000000   Code   RO         3503    .ARM.Collect$$libinit$$00000011  c_w.l(libinit2.o)
    0x0800021a   0x0800021a   0x00000000   Code   RO         3505    .ARM.Collect$$libinit$$00000013  c_w.l(libinit2.o)
    0x0800021a   0x0800021a   0x00000000   Code   RO         3507    .ARM.Collect$$libinit$$00000015  c_w.l(libinit2.o)
    0x0800021a   0x0800021a   0x0000000a   Code   RO         3508    .ARM.Collect$$libinit$$00000016  c_w.l(libinit2.o)
    0x08000224   0x08000224   0x00000000   Code   RO         3509    .ARM.Collect$$libinit$$00000017  c_w.l(libinit2.o)
    0x08000224   0x08000224   0x00000000   Code   RO         3511    .ARM.Collect$$libinit$$00000019  c_w.l(libinit2.o)
    0x08000224   0x08000224   0x00000000   Code   RO         3513    .ARM.Collect$$libinit$$0000001B  c_w.l(libinit2.o)
    0x08000224   0x08000224   0x00000000   Code   RO         3515    .ARM.Collect$$libinit$$0000001D  c_w.l(libinit2.o)
    0x08000224   0x08000224   0x00000000   Code   RO         3517    .ARM.Collect$$libinit$$0000001F  c_w.l(libinit2.o)
    0x08000224   0x08000224   0x00000000   Code   RO         3519    .ARM.Collect$$libinit$$00000021  c_w.l(libinit2.o)
    0x08000224   0x08000224   0x00000000   Code   RO         3521    .ARM.Collect$$libinit$$00000023  c_w.l(libinit2.o)
    0x08000224   0x08000224   0x00000000   Code   RO         3523    .ARM.Collect$$libinit$$00000025  c_w.l(libinit2.o)
    0x08000224   0x08000224   0x00000000   Code   RO         3527    .ARM.Collect$$libinit$$0000002C  c_w.l(libinit2.o)
    0x08000224   0x08000224   0x00000000   Code   RO         3529    .ARM.Collect$$libinit$$0000002E  c_w.l(libinit2.o)
    0x08000224   0x08000224   0x00000000   Code   RO         3531    .ARM.Collect$$libinit$$00000030  c_w.l(libinit2.o)
    0x08000224   0x08000224   0x00000000   Code   RO         3533    .ARM.Collect$$libinit$$00000032  c_w.l(libinit2.o)
    0x08000224   0x08000224   0x00000002   Code   RO         3534    .ARM.Collect$$libinit$$00000033  c_w.l(libinit2.o)
    0x08000226   0x08000226   0x00000002   Code   RO         3773    .ARM.Collect$$libshutdown$$00000000  c_w.l(libshutdown.o)
    0x08000228   0x08000228   0x00000000   Code   RO         3729    .ARM.Collect$$libshutdown$$00000002  c_w.l(libshutdown2.o)
    0x08000228   0x08000228   0x00000000   Code   RO         3731    .ARM.Collect$$libshutdown$$00000004  c_w.l(libshutdown2.o)
    0x08000228   0x08000228   0x00000000   Code   RO         3734    .ARM.Collect$$libshutdown$$00000007  c_w.l(libshutdown2.o)
    0x08000228   0x08000228   0x00000000   Code   RO         3737    .ARM.Collect$$libshutdown$$0000000A  c_w.l(libshutdown2.o)
    0x08000228   0x08000228   0x00000000   Code   RO         3739    .ARM.Collect$$libshutdown$$0000000C  c_w.l(libshutdown2.o)
    0x08000228   0x08000228   0x00000000   Code   RO         3742    .ARM.Collect$$libshutdown$$0000000F  c_w.l(libshutdown2.o)
    0x08000228   0x08000228   0x00000002   Code   RO         3743    .ARM.Collect$$libshutdown$$00000010  c_w.l(libshutdown2.o)
    0x0800022a   0x0800022a   0x00000000   Code   RO         3451    .ARM.Collect$$rtentry$$00000000  c_w.l(__rtentry.o)
    0x0800022a   0x0800022a   0x00000000   Code   RO         3588    .ARM.Collect$$rtentry$$00000002  c_w.l(__rtentry2.o)
    0x0800022a   0x0800022a   0x00000006   Code   RO         3600    .ARM.Collect$$rtentry$$00000004  c_w.l(__rtentry4.o)
    0x08000230   0x08000230   0x00000000   Code   RO         3590    .ARM.Collect$$rtentry$$00000009  c_w.l(__rtentry2.o)
    0x08000230   0x08000230   0x00000004   Code   RO         3591    .ARM.Collect$$rtentry$$0000000A  c_w.l(__rtentry2.o)
    0x08000234   0x08000234   0x00000000   Code   RO         3593    .ARM.Collect$$rtentry$$0000000C  c_w.l(__rtentry2.o)
    0x08000234   0x08000234   0x00000008   Code   RO         3594    .ARM.Collect$$rtentry$$0000000D  c_w.l(__rtentry2.o)
    0x0800023c   0x0800023c   0x00000002   Code   RO         3718    .ARM.Collect$$rtexit$$00000000  c_w.l(rtexit.o)
    0x0800023e   0x0800023e   0x00000000   Code   RO         3747    .ARM.Collect$$rtexit$$00000002  c_w.l(rtexit2.o)
    0x0800023e   0x0800023e   0x00000004   Code   RO         3748    .ARM.Collect$$rtexit$$00000003  c_w.l(rtexit2.o)
    0x08000242   0x08000242   0x00000006   Code   RO         3749    .ARM.Collect$$rtexit$$00000004  c_w.l(rtexit2.o)
    0x08000248   0x08000248   0x00000000   Code   RO         3614    .emb_text           c_w.l(maybetermalloc1.o)
    0x08000248   0x08000248   0x00000040   Code   RO          151  * .text               startup_stm32f40_41xxx.o
    0x08000288   0x08000288   0x0000005e   Code   RO         3277    .text               c_w.l(h1_alloc.o)
    0x080002e6   0x080002e6   0x0000004e   Code   RO         3279    .text               c_w.l(h1_free.o)
    0x08000334   0x08000334   0x00000028   Code   RO         3337    .text               c_w.l(noretval__2sprintf.o)
    0x0800035c   0x0800035c   0x0000004e   Code   RO         3341    .text               c_w.l(_printf_pad.o)
    0x080003aa   0x080003aa   0x0000010e   Code   RO         3351    .text               c_w.l(__printf_wp.o)
    0x080004b8   0x080004b8   0x00000048   Code   RO         3365    .text               c_w.l(strcpy.o)
    0x08000500   0x08000500   0x0000003e   Code   RO         3367    .text               c_w.l(strlen.o)
    0x0800053e   0x0800053e   0x00000018   Code   RO         3369    .text               c_w.l(strcat.o)
    0x08000556   0x08000556   0x0000008a   Code   RO         3371    .text               c_w.l(rt_memcpy_v6.o)
    0x080005e0   0x080005e0   0x00000064   Code   RO         3373    .text               c_w.l(rt_memcpy_w.o)
    0x08000644   0x08000644   0x00000044   Code   RO         3375    .text               c_w.l(rt_memclr.o)
    0x08000688   0x08000688   0x00000006   Code   RO         3377    .text               c_w.l(heapauxi.o)
    0x0800068e   0x0800068e   0x00000002   PAD
    0x08000690   0x08000690   0x00000008   Code   RO         3455    .text               c_w.l(rt_heap_descriptor_intlibspace.o)
    0x08000698   0x08000698   0x00000004   Code   RO         3457    .text               c_w.l(hguard.o)
    0x0800069c   0x0800069c   0x0000008a   Code   RO         3459    .text               c_w.l(init_alloc.o)
    0x08000726   0x08000726   0x0000000e   Code   RO         3463    .text               c_w.l(h1_init.o)
    0x08000734   0x08000734   0x00000016   Code   RO         3477    .text               c_w.l(_rserrno.o)
    0x0800074a   0x0800074a   0x0000041e   Code   RO         3479    .text               c_w.l(_printf_fp_dec.o)
    0x08000b68   0x08000b68   0x00000030   Code   RO         3481    .text               c_w.l(_printf_char_common.o)
    0x08000b98   0x08000b98   0x0000000a   Code   RO         3483    .text               c_w.l(_sputc.o)
    0x08000ba2   0x08000ba2   0x0000004e   Code   RO         3486    .text               c_w.l(rt_memclr_w.o)
    0x08000bf0   0x08000bf0   0x00000008   Code   RO         3584    .text               c_w.l(libspace.o)
    0x08000bf8   0x08000bf8   0x00000008   Code   RO         3605    .text               c_w.l(rt_locale_intlibspace.o)
    0x08000c00   0x08000c00   0x00000008   Code   RO         3610    .text               c_w.l(rt_errno_addr_intlibspace.o)
    0x08000c08   0x08000c08   0x00000034   Code   RO         3616    .text               c_w.l(h1_extend.o)
    0x08000c3c   0x08000c3c   0x0000008a   Code   RO         3620    .text               c_w.l(lludiv10.o)
    0x08000cc6   0x08000cc6   0x00000002   PAD
    0x08000cc8   0x08000cc8   0x00000080   Code   RO         3622    .text               c_w.l(_printf_fp_infnan.o)
    0x08000d48   0x08000d48   0x000000e4   Code   RO         3626    .text               c_w.l(bigflt0.o)
    0x08000e2c   0x08000e2c   0x0000000e   Code   RO         3654    .text               c_w.l(defsig_rtmem_outer.o)
    0x08000e3a   0x08000e3a   0x00000002   Code   RO         3689    .text               c_w.l(use_no_semi.o)
    0x08000e3c   0x08000e3c   0x00000000   Code   RO         3691    .text               c_w.l(indicate_semi.o)
    0x08000e3c   0x08000e3c   0x0000004a   Code   RO         3692    .text               c_w.l(sys_stackheap_outer.o)
    0x08000e86   0x08000e86   0x00000012   Code   RO         3698    .text               c_w.l(exit.o)
    0x08000e98   0x08000e98   0x0000000a   Code   RO         3700    .text               c_w.l(defsig_exit.o)
    0x08000ea2   0x08000ea2   0x00000002   PAD
    0x08000ea4   0x08000ea4   0x00000050   Code   RO         3702    .text               c_w.l(defsig_rtmem_inner.o)
    0x08000ef4   0x08000ef4   0x00000080   Code   RO         3704    .text               c_w.l(strcmpv7m.o)
    0x08000f74   0x08000f74   0x0000000c   Code   RO         3716    .text               c_w.l(sys_exit.o)
    0x08000f80   0x08000f80   0x00000032   Code   RO         3726    .text               c_w.l(defsig_general.o)
    0x08000fb2   0x08000fb2   0x0000000e   Code   RO         3744    .text               c_w.l(sys_wrch.o)
    0x08000fc0   0x08000fc0   0x0000003e   Code   RO         3629    CL$$btod_d2e        c_w.l(btod.o)
    0x08000ffe   0x08000ffe   0x00000046   Code   RO         3631    CL$$btod_d2e_denorm_low  c_w.l(btod.o)
    0x08001044   0x08001044   0x00000060   Code   RO         3630    CL$$btod_d2e_norm_op1  c_w.l(btod.o)
    0x080010a4   0x080010a4   0x00000338   Code   RO         3639    CL$$btod_div_common  c_w.l(btod.o)
    0x080013dc   0x080013dc   0x000000dc   Code   RO         3636    CL$$btod_e2e        c_w.l(btod.o)
    0x080014b8   0x080014b8   0x0000002a   Code   RO         3633    CL$$btod_ediv       c_w.l(btod.o)
    0x080014e2   0x080014e2   0x0000002a   Code   RO         3632    CL$$btod_emul       c_w.l(btod.o)
    0x0800150c   0x0800150c   0x00000244   Code   RO         3638    CL$$btod_mult_common  c_w.l(btod.o)
    0x08001750   0x08001750   0x00000020   Code   RO         2487    i.Bytes2float       calculator.o
    0x08001770   0x08001770   0x00000080   Code   RO         2927    i.Calcu_Pos         servo.o
    0x080017f0   0x080017f0   0x00000034   Code   RO          158    i.DMA1_Stream1_IRQHandler  main.o
    0x08001824   0x08001824   0x00000034   Code   RO          419    i.DMA_ClearFlag     stm32f4xx_dma.o
    0x08001858   0x08001858   0x00000034   Code   RO          420    i.DMA_ClearITPendingBit  stm32f4xx_dma.o
    0x0800188c   0x0800188c   0x00000016   Code   RO          421    i.DMA_Cmd           stm32f4xx_dma.o
    0x080018a2   0x080018a2   0x0000003a   Code   RO          432    i.DMA_ITConfig      stm32f4xx_dma.o
    0x080018dc   0x080018dc   0x00000058   Code   RO          433    i.DMA_Init          stm32f4xx_dma.o
    0x08001934   0x08001934   0x00000090   Code   RO         2655    i.EEP_Init          eeprom.o
    0x080019c4   0x080019c4   0x00000058   Code   RO         2656    i.EEP_ReadBytes     eeprom.o
    0x08001a1c   0x08001a1c   0x00000060   Code   RO         2657    i.EEP_WriteBytes    eeprom.o
    0x08001a7c   0x08001a7c   0x00000028   Code   RO         3228    i.ENC_Reset         encoder.o
    0x08001aa4   0x08001aa4   0x0000005a   Code   RO         3229    i.ENC_Timer_Init    encoder.o
    0x08001afe   0x08001afe   0x00000002   PAD
    0x08001b00   0x08001b00   0x000000b8   Code   RO         2785    i.EXTI15_10_IRQHandler  homeswitch.o
    0x08001bb8   0x08001bb8   0x00000038   Code   RO         2786    i.EXTI1_IRQHandler  homeswitch.o
    0x08001bf0   0x08001bf0   0x00000038   Code   RO         2787    i.EXTI2_IRQHandler  homeswitch.o
    0x08001c28   0x08001c28   0x0000000c   Code   RO          810    i.EXTI_ClearITPendingBit  stm32f4xx_exti.o
    0x08001c34   0x08001c34   0x00000018   Code   RO          814    i.EXTI_GetITStatus  stm32f4xx_exti.o
    0x08001c4c   0x08001c4c   0x00000094   Code   RO          815    i.EXTI_Init         stm32f4xx_exti.o
    0x08001ce0   0x08001ce0   0x00000060   Code   RO         2987    i.Ex_Usart_SendData  uart.o
    0x08001d40   0x08001d40   0x00000060   Code   RO         2710    i.FSMC_ENC_Reset    fsmc.o
    0x08001da0   0x08001da0   0x000000d8   Code   RO         2711    i.FSMC_ENC_Update_Pos  fsmc.o
    0x08001e78   0x08001e78   0x0000020c   Code   RO         2712    i.FSMC_Init         fsmc.o
    0x08002084   0x08002084   0x00000034   Code   RO          886    i.FSMC_NORSRAMCmd   stm32f4xx_fsmc.o
    0x080020b8   0x080020b8   0x000000e6   Code   RO          888    i.FSMC_NORSRAMInit  stm32f4xx_fsmc.o
    0x0800219e   0x0800219e   0x00000002   PAD
    0x080021a0   0x080021a0   0x00000014   Code   RO         2713    i.FSMC_Read         fsmc.o
    0x080021b4   0x080021b4   0x00000004   Code   RO         2714    i.FSMC_Write        fsmc.o
    0x080021b8   0x080021b8   0x00000090   Code   RO         1008    i.GPIO_Init         stm32f4xx_gpio.o
    0x08002248   0x08002248   0x00000046   Code   RO         1009    i.GPIO_PinAFConfig  stm32f4xx_gpio.o
    0x0800228e   0x0800228e   0x00000012   Code   RO         1012    i.GPIO_ReadInputDataBit  stm32f4xx_gpio.o
    0x080022a0   0x080022a0   0x00000004   Code   RO         1015    i.GPIO_ResetBits    stm32f4xx_gpio.o
    0x080022a4   0x080022a4   0x00000004   Code   RO         1016    i.GPIO_SetBits      stm32f4xx_gpio.o
    0x080022a8   0x080022a8   0x00000180   Code   RO         2861    i.HomeScanMode      operationmode.o
    0x08002428   0x08002428   0x0000001c   Code   RO         2788    i.Home_Scan_Begin   homeswitch.o
    0x08002444   0x08002444   0x00000030   Code   RO         2789    i.Home_Status       homeswitch.o
    0x08002474   0x08002474   0x00000018   Code   RO         1110    i.I2C_AcknowledgeConfig  stm32f4xx_i2c.o
    0x0800248c   0x0800248c   0x0000002a   Code   RO         1113    i.I2C_CheckEvent    stm32f4xx_i2c.o
    0x080024b6   0x080024b6   0x00000018   Code   RO         1116    i.I2C_Cmd           stm32f4xx_i2c.o
    0x080024ce   0x080024ce   0x00000002   PAD
    0x080024d0   0x080024d0   0x00000060   Code   RO         1119    i.I2C_DeInit        stm32f4xx_i2c.o
    0x08002530   0x08002530   0x00000018   Code   RO         1124    i.I2C_GenerateSTART  stm32f4xx_i2c.o
    0x08002548   0x08002548   0x00000018   Code   RO         1125    i.I2C_GenerateSTOP  stm32f4xx_i2c.o
    0x08002560   0x08002560   0x0000003a   Code   RO         1126    i.I2C_GetFlagStatus  stm32f4xx_i2c.o
    0x0800259a   0x0800259a   0x00000002   PAD
    0x0800259c   0x0800259c   0x000000e8   Code   RO         1131    i.I2C_Init          stm32f4xx_i2c.o
    0x08002684   0x08002684   0x0000015c   Code   RO         2658    i.I2C_ReadBytes     eeprom.o
    0x080027e0   0x080027e0   0x00000008   Code   RO         1136    i.I2C_ReceiveData   stm32f4xx_i2c.o
    0x080027e8   0x080027e8   0x00000010   Code   RO         1138    i.I2C_Send7bitAddress  stm32f4xx_i2c.o
    0x080027f8   0x080027f8   0x00000004   Code   RO         1139    i.I2C_SendData      stm32f4xx_i2c.o
    0x080027fc   0x080027fc   0x000000f4   Code   RO         2659    i.I2C_WriteBytes    eeprom.o
    0x080028f0   0x080028f0   0x00000030   Code   RO         2862    i.IdleMode          operationmode.o
    0x08002920   0x08002920   0x000000f4   Code   RO         2863    i.InverseKinematicMode  operationmode.o
    0x08002a14   0x08002a14   0x00000078   Code   RO          345    i.NVIC_Init         misc.o
    0x08002a8c   0x08002a8c   0x00000014   Code   RO          346    i.NVIC_PriorityGroupConfig  misc.o
    0x08002aa0   0x08002aa0   0x00000274   Code   RO         2928    i.Pos_servo_all     servo.o
    0x08002d14   0x08002d14   0x00000020   Code   RO         1337    i.RCC_AHB1PeriphClockCmd  stm32f4xx_rcc.o
    0x08002d34   0x08002d34   0x00000020   Code   RO         1343    i.RCC_AHB3PeriphClockCmd  stm32f4xx_rcc.o
    0x08002d54   0x08002d54   0x00000020   Code   RO         1346    i.RCC_APB1PeriphClockCmd  stm32f4xx_rcc.o
    0x08002d74   0x08002d74   0x00000020   Code   RO         1348    i.RCC_APB1PeriphResetCmd  stm32f4xx_rcc.o
    0x08002d94   0x08002d94   0x00000020   Code   RO         1349    i.RCC_APB2PeriphClockCmd  stm32f4xx_rcc.o
    0x08002db4   0x08002db4   0x000000e8   Code   RO         1358    i.RCC_GetClocksFreq  stm32f4xx_rcc.o
    0x08002e9c   0x08002e9c   0x00000104   Code   RO         3064    i.Read_Home_Switch  utils.o
    0x08002fa0   0x08002fa0   0x00000040   Code   RO         1864    i.SYSCFG_EXTILineConfig  stm32f4xx_syscfg.o
    0x08002fe0   0x08002fe0   0x0000005c   Code   RO         2929    i.Servo_Control_Timer_Init  servo.o
    0x0800303c   0x0800303c   0x000002b0   Code   RO         2790    i.Servo_Home_Switch_Init  homeswitch.o
    0x080032ec   0x080032ec   0x00000218   Code   RO         2930    i.Servo_pos_per_cycle  servo.o
    0x08003504   0x08003504   0x00000032   Code   RO         2715    i.Servo_pulse       fsmc.o
    0x08003536   0x08003536   0x00000002   PAD
    0x08003538   0x08003538   0x000000ec   Code   RO            4    i.SetSysClock       system_stm32f4xx.o
    0x08003624   0x08003624   0x00000068   Code   RO            6    i.SystemInit        system_stm32f4xx.o
    0x0800368c   0x0800368c   0x0000004c   Code   RO         3230    i.TIM2_IRQHandler   encoder.o
    0x080036d8   0x080036d8   0x00000028   Code   RO         2931    i.TIM3_IRQHandler   servo.o
    0x08003700   0x08003700   0x00000006   Code   RO         1932    i.TIM_ClearITPendingBit  stm32f4xx_tim.o
    0x08003706   0x08003706   0x00000018   Code   RO         1937    i.TIM_Cmd           stm32f4xx_tim.o
    0x0800371e   0x0800371e   0x00000022   Code   RO         1958    i.TIM_GetITStatus   stm32f4xx_tim.o
    0x08003740   0x08003740   0x00000012   Code   RO         1962    i.TIM_ITConfig      stm32f4xx_tim.o
    0x08003752   0x08003752   0x00000002   PAD
    0x08003754   0x08003754   0x00000084   Code   RO         2009    i.TIM_TimeBaseInit  stm32f4xx_tim.o
    0x080037d8   0x080037d8   0x00000114   Code   RO         2864    i.TestingMode       operationmode.o
    0x080038ec   0x080038ec   0x0000018c   Code   RO         2988    i.UART_DMA_Init     uart.o
    0x08003a78   0x08003a78   0x0000008c   Code   RO         2989    i.UART_Send_PC_Encoder_Pos  uart.o
    0x08003b04   0x08003b04   0x00000018   Code   RO         1673    i.USART_Cmd         stm32f4xx_usart.o
    0x08003b1c   0x08003b1c   0x00000012   Code   RO         1674    i.USART_DMACmd      stm32f4xx_usart.o
    0x08003b2e   0x08003b2e   0x00000002   PAD
    0x08003b30   0x08003b30   0x000000d4   Code   RO         1680    i.USART_Init        stm32f4xx_usart.o
    0x08003c04   0x08003c04   0x00000024   Code   RO         2991    i.Uart_Cmd_Update   uart.o
    0x08003c28   0x08003c28   0x00000788   Code   RO          159    i.Uart_Program      main.o
    0x080043b0   0x080043b0   0x00000030   Code   RO         3685    i.__ARM_fpclassify  m_wm.l(fpclassify.o)
    0x080043e0   0x080043e0   0x000000c8   Code   RO         3401    i.__hardfp_cos      m_wm.l(cos.o)
    0x080044a8   0x080044a8   0x000000c8   Code   RO         3413    i.__hardfp_sin      m_wm.l(sin.o)
    0x08004570   0x08004570   0x0000007a   Code   RO         3425    i.__hardfp_sqrt     m_wm.l(sqrt.o)
    0x080045ea   0x080045ea   0x00000006   PAD
    0x080045f0   0x080045f0   0x00000438   Code   RO         3565    i.__ieee754_rem_pio2  m_wm.l(rred.o)
    0x08004a28   0x08004a28   0x00000170   Code   RO         3548    i.__kernel_cos      m_wm.l(cos_i.o)
    0x08004b98   0x08004b98   0x000000f8   Code   RO         3687    i.__kernel_poly     m_wm.l(poly.o)
    0x08004c90   0x08004c90   0x00000130   Code   RO         3570    i.__kernel_sin      m_wm.l(sin_i.o)
    0x08004dc0   0x08004dc0   0x00000014   Code   RO         3552    i.__mathlib_dbl_infnan  m_wm.l(dunder.o)
    0x08004dd4   0x08004dd4   0x00000004   PAD
    0x08004dd8   0x08004dd8   0x00000020   Code   RO         3554    i.__mathlib_dbl_invalid  m_wm.l(dunder.o)
    0x08004df8   0x08004df8   0x00000020   Code   RO         3557    i.__mathlib_dbl_underflow  m_wm.l(dunder.o)
    0x08004e18   0x08004e18   0x0000000e   Code   RO         3353    i._is_digit         c_w.l(__printf_wp.o)
    0x08004e26   0x08004e26   0x0000000e   Code   RO         2488    i.asc2dou           calculator.o
    0x08004e34   0x08004e34   0x00000048   Code   RO         3066    i.delay_01ms        utils.o
    0x08004e7c   0x08004e7c   0x00000018   Code   RO         3681    i.fabs              m_wm.l(fabs.o)
    0x08004e94   0x08004e94   0x00000164   Code   RO         2489    i.find_a_factor     calculator.o
    0x08004ff8   0x08004ff8   0x00000006   Code   RO         2490    i.float2Bytes       calculator.o
    0x08004ffe   0x08004ffe   0x00000002   PAD
    0x08005000   0x08005000   0x000000a4   Code   RO         2491    i.height_triangle   calculator.o
    0x080050a4   0x080050a4   0x0000046c   Code   RO         3188    i.inverse_kinematic  kinematic.o
    0x08005510   0x08005510   0x00000010   Code   RO         2492    i.is_minus          calculator.o
    0x08005520   0x08005520   0x00000200   Code   RO          160    i.main              main.o
    0x08005720   0x08005720   0x00000544   Code   RO         3189    i.matR_calculate    kinematic.o
    0x08005c64   0x08005c64   0x0000015a   Code   RO         2493    i.matrix_addition   calculator.o
    0x08005dbe   0x08005dbe   0x00000002   PAD
    0x08005dc0   0x08005dc0   0x00000170   Code   RO         2494    i.matrix_inverse    calculator.o
    0x08005f30   0x08005f30   0x00000194   Code   RO         2495    i.matrix_multiplication  calculator.o
    0x080060c4   0x080060c4   0x00000028   Code   RO         3069    i.my_delay_us       utils.o
    0x080060ec   0x080060ec   0x00000020   Code   RO         2496    i.pos2pul           calculator.o
    0x0800610c   0x0800610c   0x0000008c   Code   RO         2497    i.pos2pul_redundance  calculator.o
    0x08006198   0x08006198   0x00000020   Code   RO         3190    i.pos_calculate     kinematic.o
    0x080061b8   0x080061b8   0x00000040   Code   RO         2498    i.pul2pos           calculator.o
    0x080061f8   0x080061f8   0x00000060   Code   RO         2499    i.pulse_path_planning  calculator.o
    0x08006258   0x08006258   0x00000056   Code   RO         2500    i.pulse_pp_cal      calculator.o
    0x080062ae   0x080062ae   0x0000005a   Code   RO         2501    i.q_calculate       calculator.o
    0x08006308   0x08006308   0x0000005c   Code   RO         2502    i.vector_3_norm     calculator.o
    0x08006364   0x08006364   0x0000002c   Code   RO         3652    locale$$code        c_w.l(lc_numeric_c.o)
    0x08006390   0x08006390   0x00000018   Code   RO         3381    x$fpl$basic         fz_wm.l(basic.o)
    0x080063a8   0x080063a8   0x00000062   Code   RO         3383    x$fpl$d2f           fz_wm.l(d2f.o)
    0x0800640a   0x0800640a   0x00000002   PAD
    0x0800640c   0x0800640c   0x00000150   Code   RO         3385    x$fpl$dadd          fz_wm.l(daddsub_clz.o)
    0x0800655c   0x0800655c   0x000002b0   Code   RO         3392    x$fpl$ddiv          fz_wm.l(ddiv.o)
    0x0800680c   0x0800680c   0x0000005e   Code   RO         3665    x$fpl$dfix          fz_wm.l(dfix.o)
    0x0800686a   0x0800686a   0x0000002e   Code   RO         3670    x$fpl$dflt          fz_wm.l(dflt_clz.o)
    0x08006898   0x08006898   0x00000026   Code   RO         3669    x$fpl$dfltu         fz_wm.l(dflt_clz.o)
    0x080068be   0x080068be   0x00000002   PAD
    0x080068c0   0x080068c0   0x00000154   Code   RO         3395    x$fpl$dmul          fz_wm.l(dmul.o)
    0x08006a14   0x08006a14   0x0000009c   Code   RO         3537    x$fpl$dnaninf       fz_wm.l(dnaninf.o)
    0x08006ab0   0x08006ab0   0x0000000c   Code   RO         3539    x$fpl$dretinf       fz_wm.l(dretinf.o)
    0x08006abc   0x08006abc   0x00000016   Code   RO         3386    x$fpl$drsb          fz_wm.l(daddsub_clz.o)
    0x08006ad2   0x08006ad2   0x00000002   PAD
    0x08006ad4   0x08006ad4   0x00000198   Code   RO         3541    x$fpl$dsqrt         fz_wm.l(dsqrt_umaal.o)
    0x08006c6c   0x08006c6c   0x000001d4   Code   RO         3387    x$fpl$dsub          fz_wm.l(daddsub_clz.o)
    0x08006e40   0x08006e40   0x00000056   Code   RO         3397    x$fpl$f2d           fz_wm.l(f2d.o)
    0x08006e96   0x08006e96   0x0000008c   Code   RO         3543    x$fpl$fnaninf       fz_wm.l(fnaninf.o)
    0x08006f22   0x08006f22   0x0000000a   Code   RO         3675    x$fpl$fpinit        fz_wm.l(fpinit.o)
    0x08006f2c   0x08006f2c   0x0000000a   Code   RO         3545    x$fpl$fretinf       fz_wm.l(fretinf.o)
    0x08006f36   0x08006f36   0x00000004   Code   RO         3399    x$fpl$printf1       fz_wm.l(printf1.o)
    0x08006f3a   0x08006f3a   0x00000000   Code   RO         3547    x$fpl$usenofp       fz_wm.l(usenofp.o)
    0x08006f3a   0x08006f3a   0x00000002   PAD
    0x08006f3c   0x08006f3c   0x00000048   Data   RO         2865    .constdata          operationmode.o
    0x08006f84   0x08006f84   0x00000006   Data   RO         2933    .constdata          servo.o
    0x08006f8a   0x08006f8a   0x00000006   PAD
    0x08006f90   0x08006f90   0x00000030   Data   RO         3549    .constdata          m_wm.l(cos_i.o)
    0x08006fc0   0x08006fc0   0x000000c8   Data   RO         3567    .constdata          m_wm.l(rred.o)
    0x08007088   0x08007088   0x00000028   Data   RO         3571    .constdata          m_wm.l(sin_i.o)
    0x080070b0   0x080070b0   0x00000094   Data   RO         3627    .constdata          c_w.l(bigflt0.o)
    0x08007144   0x08007144   0x00000020   Data   RO         3774    Region$$Table       anon$$obj.o
    0x08007164   0x08007164   0x0000001c   Data   RO         3651    locale$$data        c_w.l(lc_numeric_c.o)


    Execution Region ER_RW (Exec base: 0x20000000, Load base: 0x08007180, Size: 0x00000030, Max: 0xffffffff, ABSOLUTE)

    Exec Addr    Load Addr    Size         Type   Attr      Idx    E Section Name        Object

    0x20000000   0x08007180   0x00000007   Data   RW          162    .data               main.o
    0x20000007   0x08007187   0x00000010   Data   RW         1389    .data               stm32f4xx_rcc.o
    0x20000017   0x08007197   0x00000013   Data   RW         2934    .data               servo.o
    0x2000002a   0x080071aa   0x00000001   Data   RW         2993    .data               uart.o
    0x2000002b   0x080071ab   0x00000001   PAD
    0x2000002c   0x080071ac   0x00000002   Data   RW         3231    .data               encoder.o


    Execution Region ER_ZI (Exec base: 0x20000030, Load base: 0x080071b0, Size: 0x00000bd8, Max: 0xffffffff, ABSOLUTE)

    Exec Addr    Load Addr    Size         Type   Attr      Idx    E Section Name        Object

    0x20000030        -       0x0000023c   Zero   RW          161    .bss                main.o
    0x2000026c        -       0x00000048   Zero   RW         2716    .bss                fsmc.o
    0x200002b4        -       0x000000d8   Zero   RW         2791    .bss                homeswitch.o
    0x2000038c        -       0x000000b8   Zero   RW         2932    .bss                servo.o
    0x20000444        -       0x00000160   Zero   RW         2992    .bss                uart.o
    0x200005a4        -       0x00000060   Zero   RW         3585    .bss                c_w.l(libspace.o)
    0x20000604   0x080071b0   0x00000004   PAD
    0x20000608        -       0x00000200   Zero   RW          149    HEAP                startup_stm32f40_41xxx.o
    0x20000808        -       0x00000400   Zero   RW          148    STACK               startup_stm32f40_41xxx.o


==============================================================================

Image component sizes


      Code (inc. data)   RO Data    RW Data    ZI Data      Debug   Object Name

      2306         48          0          0          0     244950   calculator.o
       920         46          0          0          0       4905   eeprom.o
       206         14          0          2          0       1939   encoder.o
       910         64          0          0         72       4918   fsmc.o
      1060         60          0          0        216       8492   homeswitch.o
      2512        102          0          0          0       2857   kinematic.o
      2492        246          0          7        572      57521   main.o
       140         24          0          0          0     232831   misc.o
       952        238         72          0          0       3067   operationmode.o
      1424        104          6         19        184       5318   servo.o
        64         26        392          0       1536        824   startup_stm32f40_41xxx.o
       272         34          0          0          0       4612   stm32f4xx_dma.o
       184         16          0          0          0       2356   stm32f4xx_exti.o
       282          6          0          0          0       2037   stm32f4xx_fsmc.o
       240          0          0          0          0       3835   stm32f4xx_gpio.o
       552         28          0          0          0       7757   stm32f4xx_i2c.o
       392         48          0         16          0       6137   stm32f4xx_rcc.o
        64          4          0          0          0        680   stm32f4xx_syscfg.o
       214         28          0          0          0       3982   stm32f4xx_tim.o
       254          8          0          0          0       2920   stm32f4xx_usart.o
       340         32          0          0          0      82369   system_stm32f4xx.o
       668         68          0          1        352       3763   uart.o
       372         26          0          0          0       1890   utils.o

    ----------------------------------------------------------------------
     16838       1270        508         48       2932     689960   Object Totals
         0          0         32          0          0          0   (incl. Generated)
        18          0          6          3          0          0   (incl. Padding)

    ----------------------------------------------------------------------

      Code (inc. data)   RO Data    RW Data    ZI Data      Debug   Library Member Name

         8          0          0          0          0         68   __main.o
       284          0          0          0          0        156   __printf_wp.o
         0          0          0          0          0          0   __rtentry.o
        12          0          0          0          0          0   __rtentry2.o
         6          0          0          0          0          0   __rtentry4.o
        52          8          0          0          0          0   __scatter.o
        26          0          0          0          0          0   __scatter_copy.o
        28          0          0          0          0          0   __scatter_zi.o
        48          6          0          0          0         96   _printf_char_common.o
         6          0          0          0          0          0   _printf_f.o
      1054          0          0          0          0        216   _printf_fp_dec.o
       128         16          0          0          0         84   _printf_fp_infnan.o
        78          0          0          0          0        108   _printf_pad.o
         0          0          0          0          0          0   _printf_percent.o
         4          0          0          0          0          0   _printf_percent_end.o
        22          0          0          0          0        100   _rserrno.o
        10          0          0          0          0         68   _sputc.o
       228          4        148          0          0         96   bigflt0.o
      1936        128          0          0          0        672   btod.o
        10          0          0          0          0         68   defsig_exit.o
        50          0          0          0          0         88   defsig_general.o
        80         58          0          0          0         76   defsig_rtmem_inner.o
        14          0          0          0          0         80   defsig_rtmem_outer.o
        18          0          0          0          0         80   exit.o
        94          0          0          0          0         80   h1_alloc.o
        52          0          0          0          0         68   h1_extend.o
        78          0          0          0          0         80   h1_free.o
        14          0          0          0          0         84   h1_init.o
         6          0          0          0          0        152   heapauxi.o
         4          0          0          0          0        136   hguard.o
         0          0          0          0          0          0   indicate_semi.o
       138          0          0          0          0        168   init_alloc.o
        44         10         28          0          0         76   lc_numeric_c.o
         2          0          0          0          0          0   libinit.o
        30          0          0          0          0          0   libinit2.o
         2          0          0          0          0          0   libshutdown.o
         2          0          0          0          0          0   libshutdown2.o
         8          4          0          0         96         68   libspace.o
       138          0          0          0          0         80   lludiv10.o
         0          0          0          0          0          0   maybetermalloc1.o
        40          6          0          0          0         84   noretval__2sprintf.o
         8          4          0          0          0         68   rt_errno_addr_intlibspace.o
         8          4          0          0          0         68   rt_heap_descriptor_intlibspace.o
         8          4          0          0          0         68   rt_locale_intlibspace.o
        68          0          0          0          0         68   rt_memclr.o
        78          0          0          0          0         80   rt_memclr_w.o
       138          0          0          0          0         68   rt_memcpy_v6.o
       100          0          0          0          0         80   rt_memcpy_w.o
         2          0          0          0          0          0   rtexit.o
        10          0          0          0          0          0   rtexit2.o
        24          0          0          0          0         68   strcat.o
       128          0          0          0          0         68   strcmpv7m.o
        72          0          0          0          0         80   strcpy.o
        62          0          0          0          0         76   strlen.o
        12          4          0          0          0         68   sys_exit.o
        74          0          0          0          0         80   sys_stackheap_outer.o
        14          0          0          0          0         76   sys_wrch.o
         2          0          0          0          0         68   use_no_semi.o
        24          0          0          0          0        164   basic.o
        98          4          0          0          0        140   d2f.o
       826         16          0          0          0        492   daddsub_clz.o
       688        140          0          0          0        256   ddiv.o
        94          4          0          0          0        140   dfix.o
        84          0          0          0          0        232   dflt_clz.o
       340         12          0          0          0        152   dmul.o
       156          4          0          0          0        140   dnaninf.o
        12          0          0          0          0        116   dretinf.o
       408         56          0          0          0        168   dsqrt_umaal.o
        86          4          0          0          0        132   f2d.o
       140          4          0          0          0        132   fnaninf.o
        10          0          0          0          0        116   fpinit.o
        10          0          0          0          0        116   fretinf.o
         4          0          0          0          0        116   printf1.o
         0          0          0          0          0          0   usenofp.o
       200         20          0          0          0        164   cos.o
       368         46         48          0          0        200   cos_i.o
        84         16          0          0          0        372   dunder.o
        24          0          0          0          0        124   fabs.o
        48          0          0          0          0        124   fpclassify.o
       248          0          0          0          0        152   poly.o
      1080        142        200          0          0        188   rred.o
       200         20          0          0          0        164   sin.o
       304         24         40          0          0        208   sin_i.o
       122          0          0          0          0        148   sqrt.o

    ----------------------------------------------------------------------
     11246        768        464          0        100       8672   Library Totals
        26          0          0          0          4          0   (incl. Padding)

    ----------------------------------------------------------------------

      Code (inc. data)   RO Data    RW Data    ZI Data      Debug   Library Name

      5562        256        176          0         96       4216   c_w.l
      2980        244          0          0          0       2612   fz_wm.l
      2678        268        288          0          0       1844   m_wm.l

    ----------------------------------------------------------------------
     11246        768        464          0        100       8672   Library Totals

    ----------------------------------------------------------------------

==============================================================================


      Code (inc. data)   RO Data    RW Data    ZI Data      Debug   

     28084       2038        972         48       3032     684388   Grand Totals
     28084       2038        972         48       3032     684388   ELF Image Totals
     28084       2038        972         48          0          0   ROM Totals

==============================================================================

    Total RO  Size (Code + RO Data)                29056 (  28.38kB)
    Total RW  Size (RW Data + ZI Data)              3080 (   3.01kB)
    Total ROM Size (Code + RO Data + RW Data)      29104 (  28.42kB)

==============================================================================

