Fitter report for test
Thu Mar 14 17:16:50 2019
Quartus II Version 9.1 Build 350 03/24/2010 Service Pack 2 SJ Web Edition


---------------------
; Table of Contents ;
---------------------
  1. Legal Notice
  2. Fitter Summary
  3. Fitter Settings
  4. Parallel Compilation
  5. Pin-Out File
  6. Fitter Resource Usage Summary
  7. Input Pins
  8. Output Pins
  9. I/O Bank Usage
 10. All Package Pins
 11. Output Pin Default Load For Reported TCO
 12. Fitter Resource Utilization by Entity
 13. Delay Chain Summary
 14. Control Signals
 15. Global & Other Fast Signals
 16. Non-Global High Fan-Out Signals
 17. Interconnect Usage Summary
 18. LAB Logic Elements
 19. LAB-wide Signals
 20. LAB Signals Sourced
 21. LAB Signals Sourced Out
 22. LAB Distinct Inputs
 23. Fitter Device Options
 24. Estimated Delay Added for Hold Timing
 25. Fitter Messages



----------------
; Legal Notice ;
----------------
Copyright (C) 1991-2010 Altera Corporation
Your use of Altera Corporation's design tools, logic functions 
and other software and tools, and its AMPP partner logic 
functions, and any output files from any of the foregoing 
(including device programming or simulation files), and any 
associated documentation or information are expressly subject 
to the terms and conditions of the Altera Program License 
Subscription Agreement, Altera MegaCore Function License 
Agreement, or other applicable license agreement, including, 
without limitation, that your use is for the sole purpose of 
programming logic devices manufactured by Altera and sold by 
Altera or its authorized distributors.  Please refer to the 
applicable agreement for further details.



+----------------------------------------------------------------------+
; Fitter Summary                                                       ;
+-----------------------+----------------------------------------------+
; Fitter Status         ; Successful - Thu Mar 14 17:16:50 2019        ;
; Quartus II Version    ; 9.1 Build 350 03/24/2010 SP 2 SJ Web Edition ;
; Revision Name         ; test                                         ;
; Top-level Entity Name ; xuat_xung                                    ;
; Family                ; MAX II                                       ;
; Device                ; EPM570T100C5                                 ;
; Timing Models         ; Final                                        ;
; Total logic elements  ; 290 / 570 ( 51 % )                           ;
; Total pins            ; 31 / 76 ( 41 % )                             ;
; Total virtual pins    ; 0                                            ;
; UFM blocks            ; 0 / 1 ( 0 % )                                ;
+-----------------------+----------------------------------------------+


+----------------------------------------------------------------------------------------------------------------------------------------------+
; Fitter Settings                                                                                                                              ;
+----------------------------------------------------------------------------+--------------------------------+--------------------------------+
; Option                                                                     ; Setting                        ; Default Value                  ;
+----------------------------------------------------------------------------+--------------------------------+--------------------------------+
; Device                                                                     ; EPM570T100C5                   ;                                ;
; Minimum Core Junction Temperature                                          ; 0                              ;                                ;
; Maximum Core Junction Temperature                                          ; 85                             ;                                ;
; Fit Attempts to Skip                                                       ; 0                              ; 0.0                            ;
; Device I/O Standard                                                        ; 3.3-V LVTTL                    ;                                ;
; Use smart compilation                                                      ; Off                            ; Off                            ;
; Enable parallel Assembler and TimeQuest Timing Analyzer during compilation ; On                             ; On                             ;
; Enable compact report table                                                ; Off                            ; Off                            ;
; Use TimeQuest Timing Analyzer                                              ; Off                            ; Off                            ;
; Router Timing Optimization Level                                           ; Normal                         ; Normal                         ;
; Placement Effort Multiplier                                                ; 1.0                            ; 1.0                            ;
; Router Effort Multiplier                                                   ; 1.0                            ; 1.0                            ;
; Always Enable Input Buffers                                                ; Off                            ; Off                            ;
; Optimize Hold Timing                                                       ; IO Paths and Minimum TPD Paths ; IO Paths and Minimum TPD Paths ;
; Optimize Multi-Corner Timing                                               ; Off                            ; Off                            ;
; Guarantee I/O Paths Have Zero Hold Time at Fast Corner                     ; On                             ; On                             ;
; PowerPlay Power Optimization                                               ; Normal compilation             ; Normal compilation             ;
; Optimize Timing                                                            ; Normal compilation             ; Normal compilation             ;
; Optimize Timing for ECOs                                                   ; Off                            ; Off                            ;
; Regenerate full fit report during ECO compiles                             ; Off                            ; Off                            ;
; Optimize IOC Register Placement for Timing                                 ; On                             ; On                             ;
; Limit to One Fitting Attempt                                               ; Off                            ; Off                            ;
; Final Placement Optimizations                                              ; Automatically                  ; Automatically                  ;
; Fitter Aggressive Routability Optimizations                                ; Automatically                  ; Automatically                  ;
; Fitter Initial Placement Seed                                              ; 1                              ; 1                              ;
; Slow Slew Rate                                                             ; Off                            ; Off                            ;
; PCI I/O                                                                    ; Off                            ; Off                            ;
; Weak Pull-Up Resistor                                                      ; Off                            ; Off                            ;
; Enable Bus-Hold Circuitry                                                  ; Off                            ; Off                            ;
; Auto Delay Chains                                                          ; On                             ; On                             ;
; Perform Physical Synthesis for Combinational Logic for Performance         ; Off                            ; Off                            ;
; Perform Register Duplication for Performance                               ; Off                            ; Off                            ;
; Perform Register Retiming for Performance                                  ; Off                            ; Off                            ;
; Perform Asynchronous Signal Pipelining                                     ; Off                            ; Off                            ;
; Fitter Effort                                                              ; Auto Fit                       ; Auto Fit                       ;
; Physical Synthesis Effort Level                                            ; Normal                         ; Normal                         ;
; Logic Cell Insertion - Logic Duplication                                   ; Auto                           ; Auto                           ;
; Auto Register Duplication                                                  ; Auto                           ; Auto                           ;
; Auto Global Clock                                                          ; On                             ; On                             ;
; Auto Global Register Control Signals                                       ; On                             ; On                             ;
; Stop After Congestion Map Generation                                       ; Off                            ; Off                            ;
; Save Intermediate Fitting Results                                          ; Off                            ; Off                            ;
; Force Fitter to Avoid Periphery Placement Warnings                         ; Off                            ; Off                            ;
; Use Best Effort Settings for Compilation                                   ; Off                            ; Off                            ;
+----------------------------------------------------------------------------+--------------------------------+--------------------------------+


Parallel compilation was disabled, but you have multiple processors available. Enable parallel compilation to reduce compilation time.
+-------------------------------------+
; Parallel Compilation                ;
+----------------------------+--------+
; Processors                 ; Number ;
+----------------------------+--------+
; Number detected on machine ; 4      ;
; Maximum allowed            ; 1      ;
+----------------------------+--------+


+--------------+
; Pin-Out File ;
+--------------+
The pin-out file can be found in D:/Document/Thesis/Software/CPLD/test.pin.


+-------------------------------------------------------------------------------------+
; Fitter Resource Usage Summary                                                       ;
+---------------------------------------------+---------------------------------------+
; Resource                                    ; Usage                                 ;
+---------------------------------------------+---------------------------------------+
; Total logic elements                        ; 290 / 570 ( 51 % )                    ;
;     -- Combinational with no register       ; 160                                   ;
;     -- Register only                        ; 0                                     ;
;     -- Combinational with a register        ; 130                                   ;
;                                             ;                                       ;
; Logic element usage by number of LUT inputs ;                                       ;
;     -- 4 input functions                    ; 69                                    ;
;     -- 3 input functions                    ; 128                                   ;
;     -- 2 input functions                    ; 86                                    ;
;     -- 1 input functions                    ; 7                                     ;
;     -- 0 input functions                    ; 0                                     ;
;                                             ;                                       ;
; Logic elements by mode                      ;                                       ;
;     -- normal mode                          ; 188                                   ;
;     -- arithmetic mode                      ; 102                                   ;
;     -- qfbk mode                            ; 7                                     ;
;     -- register cascade mode                ; 0                                     ;
;     -- synchronous clear/load mode          ; 50                                    ;
;     -- asynchronous clear/load mode         ; 0                                     ;
;                                             ;                                       ;
; Total registers                             ; 130 / 570 ( 23 % )                    ;
; Total LABs                                  ; 35 / 57 ( 61 % )                      ;
; Logic elements in carry chains              ; 116                                   ;
; User inserted logic elements                ; 0                                     ;
; Virtual pins                                ; 0                                     ;
; I/O pins                                    ; 31 / 76 ( 41 % )                      ;
;     -- Clock pins                           ; 1 / 4 ( 25 % )                        ;
; Global signals                              ; 4                                     ;
; UFM blocks                                  ; 0 / 1 ( 0 % )                         ;
; Global clocks                               ; 4 / 4 ( 100 % )                       ;
; JTAGs                                       ; 0 / 1 ( 0 % )                         ;
; Average interconnect usage (total/H/V)      ; 26% / 31% / 20%                       ;
; Peak interconnect usage (total/H/V)         ; 26% / 31% / 20%                       ;
; Maximum fan-out node                        ; CLK                                   ;
; Maximum fan-out                             ; 130                                   ;
; Highest non-global fan-out signal           ; dda_module:inst5|test:inst11|Equal0~0 ;
; Highest non-global fan-out                  ; 93                                    ;
; Total fan-out                               ; 1178                                  ;
; Average fan-out                             ; 3.67                                  ;
+---------------------------------------------+---------------------------------------+


+-----------------------------------------------------------------------------------------------------------------------------------------------------------------------------------------------------------------+
; Input Pins                                                                                                                                                                                                      ;
+----------+-------+----------+--------------+--------------+-------------+-----------------------+--------------------+--------+-----------------+----------+--------------+--------------+----------------------+
; Name     ; Pin # ; I/O Bank ; X coordinate ; Y coordinate ; Cell number ; Combinational Fan-Out ; Registered Fan-Out ; Global ; PCI I/O Enabled ; Bus Hold ; Weak Pull Up ; I/O Standard ; Location assigned by ;
+----------+-------+----------+--------------+--------------+-------------+-----------------------+--------------------+--------+-----------------+----------+--------------+--------------+----------------------+
; CLK      ; 12    ; 1        ; 0            ; 5            ; 0           ; 130                   ; 0                  ; yes    ; no              ; no       ; Off          ; 3.3-V LVTTL  ; Fitter               ;
; Data[0]  ; 73    ; 2        ; 13           ; 7            ; 5           ; 7                     ; 0                  ; no     ; no              ; no       ; Off          ; 3.3-V LVTTL  ; User                 ;
; Data[1]  ; 72    ; 2        ; 13           ; 6            ; 1           ; 7                     ; 0                  ; no     ; no              ; no       ; Off          ; 3.3-V LVTTL  ; User                 ;
; Data[2]  ; 71    ; 2        ; 13           ; 6            ; 2           ; 7                     ; 0                  ; no     ; no              ; no       ; Off          ; 3.3-V LVTTL  ; User                 ;
; Data[3]  ; 70    ; 2        ; 13           ; 6            ; 5           ; 6                     ; 0                  ; no     ; no              ; no       ; Off          ; 3.3-V LVTTL  ; User                 ;
; Data[4]  ; 92    ; 2        ; 6            ; 8            ; 3           ; 7                     ; 0                  ; no     ; no              ; no       ; Off          ; 3.3-V LVTTL  ; User                 ;
; Data[5]  ; 91    ; 2        ; 6            ; 8            ; 2           ; 7                     ; 0                  ; no     ; no              ; no       ; Off          ; 3.3-V LVTTL  ; User                 ;
; Data[6]  ; 89    ; 2        ; 7            ; 8            ; 1           ; 7                     ; 0                  ; no     ; no              ; no       ; Off          ; 3.3-V LVTTL  ; User                 ;
; Data[7]  ; 87    ; 2        ; 7            ; 8            ; 0           ; 6                     ; 0                  ; no     ; no              ; no       ; Off          ; 3.3-V LVTTL  ; User                 ;
; LIMIT1   ; 38    ; 1        ; 7            ; 3            ; 3           ; 1                     ; 0                  ; no     ; no              ; no       ; Off          ; 3.3-V LVTTL  ; User                 ;
; LIMIT2   ; 35    ; 1        ; 6            ; 3            ; 1           ; 1                     ; 0                  ; no     ; no              ; no       ; Off          ; 3.3-V LVTTL  ; User                 ;
; LIMIT3   ; 36    ; 1        ; 6            ; 3            ; 0           ; 1                     ; 0                  ; no     ; no              ; no       ; Off          ; 3.3-V LVTTL  ; User                 ;
; LIMIT4   ; 40    ; 1        ; 7            ; 3            ; 2           ; 1                     ; 0                  ; no     ; no              ; no       ; Off          ; 3.3-V LVTTL  ; User                 ;
; LIMIT5   ; 33    ; 1        ; 6            ; 3            ; 3           ; 1                     ; 0                  ; no     ; no              ; no       ; Off          ; 3.3-V LVTTL  ; User                 ;
; LIMIT6   ; 34    ; 1        ; 6            ; 3            ; 2           ; 1                     ; 0                  ; no     ; no              ; no       ; Off          ; 3.3-V LVTTL  ; User                 ;
; NADV     ; 57    ; 2        ; 13           ; 2            ; 1           ; 6                     ; 0                  ; no     ; no              ; no       ; Off          ; 3.3-V LVTTL  ; User                 ;
; NWE      ; 66    ; 2        ; 13           ; 4            ; 2           ; 1                     ; 0                  ; no     ; no              ; no       ; Off          ; 3.3-V LVTTL  ; User                 ;
; PULSE_WR ; 76    ; 2        ; 12           ; 8            ; 1           ; 29                    ; 0                  ; no     ; no              ; no       ; Off          ; 3.3-V LVTTL  ; User                 ;
+----------+-------+----------+--------------+--------------+-------------+-----------------------+--------------------+--------+-----------------+----------+--------------+--------------+----------------------+


+--------------------------------------------------------------------------------------------------------------------------------------------------------------------------------------------------------------------------------------------------------------------------------------------------------------------------+
; Output Pins                                                                                                                                                                                                                                                                                                              ;
+--------+-------+----------+--------------+--------------+-------------+-----------------+----------------+-----------------+------------+---------------+----------+--------------+--------------+------------------+------------------------+----------------------+-------+----------------------+---------------------+
; Name   ; Pin # ; I/O Bank ; X coordinate ; Y coordinate ; Cell number ; Output Register ; Slow Slew Rate ; PCI I/O Enabled ; Open Drain ; TRI Primitive ; Bus Hold ; Weak Pull Up ; I/O Standard ; Current Strength ; Fast Output Connection ; Location assigned by ; Load  ; Output Enable Source ; Output Enable Group ;
+--------+-------+----------+--------------+--------------+-------------+-----------------+----------------+-----------------+------------+---------------+----------+--------------+--------------+------------------+------------------------+----------------------+-------+----------------------+---------------------+
; busy   ; 68    ; 2        ; 13           ; 4            ; 0           ; no              ; no             ; no              ; no         ; no            ; no       ; Off          ; 3.3-V LVTTL  ; 16mA             ; yes                    ; User                 ; 10 pF ; -                    ; -                   ;
; dir0   ; 5     ; 1        ; 0            ; 7            ; 2           ; no              ; no             ; no              ; no         ; no            ; no       ; Off          ; 3.3-V LVTTL  ; 16mA             ; no                     ; User                 ; 10 pF ; -                    ; -                   ;
; dir1   ; 7     ; 1        ; 0            ; 7            ; 4           ; no              ; no             ; no              ; no         ; no            ; no       ; Off          ; 3.3-V LVTTL  ; 16mA             ; no                     ; User                 ; 10 pF ; -                    ; -                   ;
; dir2   ; 15    ; 1        ; 0            ; 5            ; 2           ; no              ; no             ; no              ; no         ; no            ; no       ; Off          ; 3.3-V LVTTL  ; 16mA             ; no                     ; User                 ; 10 pF ; -                    ; -                   ;
; dir3   ; 17    ; 1        ; 0            ; 5            ; 4           ; no              ; no             ; no              ; no         ; no            ; no       ; Off          ; 3.3-V LVTTL  ; 16mA             ; no                     ; User                 ; 10 pF ; -                    ; -                   ;
; dir4   ; 19    ; 1        ; 0            ; 4            ; 5           ; no              ; no             ; no              ; no         ; no            ; no       ; Off          ; 3.3-V LVTTL  ; 16mA             ; no                     ; User                 ; 10 pF ; -                    ; -                   ;
; dir5   ; 21    ; 1        ; 1            ; 3            ; 1           ; no              ; no             ; no              ; no         ; no            ; no       ; Off          ; 3.3-V LVTTL  ; 16mA             ; no                     ; User                 ; 10 pF ; -                    ; -                   ;
; pulse0 ; 4     ; 1        ; 0            ; 7            ; 0           ; no              ; no             ; no              ; no         ; no            ; no       ; Off          ; 3.3-V LVTTL  ; 16mA             ; no                     ; User                 ; 10 pF ; -                    ; -                   ;
; pulse1 ; 6     ; 1        ; 0            ; 7            ; 3           ; no              ; no             ; no              ; no         ; no            ; no       ; Off          ; 3.3-V LVTTL  ; 16mA             ; no                     ; User                 ; 10 pF ; -                    ; -                   ;
; pulse2 ; 8     ; 1        ; 0            ; 7            ; 5           ; no              ; no             ; no              ; no         ; no            ; no       ; Off          ; 3.3-V LVTTL  ; 16mA             ; no                     ; User                 ; 10 pF ; -                    ; -                   ;
; pulse3 ; 16    ; 1        ; 0            ; 5            ; 3           ; no              ; no             ; no              ; no         ; no            ; no       ; Off          ; 3.3-V LVTTL  ; 16mA             ; no                     ; User                 ; 10 pF ; -                    ; -                   ;
; pulse4 ; 18    ; 1        ; 0            ; 5            ; 5           ; no              ; no             ; no              ; no         ; no            ; no       ; Off          ; 3.3-V LVTTL  ; 16mA             ; no                     ; User                 ; 10 pF ; -                    ; -                   ;
; pulse5 ; 20    ; 1        ; 1            ; 3            ; 3           ; no              ; no             ; no              ; no         ; no            ; no       ; Off          ; 3.3-V LVTTL  ; 16mA             ; no                     ; User                 ; 10 pF ; -                    ; -                   ;
+--------+-------+----------+--------------+--------------+-------------+-----------------+----------------+-----------------+------------+---------------+----------+--------------+--------------+------------------+------------------------+----------------------+-------+----------------------+---------------------+


+------------------------------------------------------------+
; I/O Bank Usage                                             ;
+----------+------------------+---------------+--------------+
; I/O Bank ; Usage            ; VCCIO Voltage ; VREF Voltage ;
+----------+------------------+---------------+--------------+
; 1        ; 19 / 36 ( 53 % ) ; 3.3V          ; --           ;
; 2        ; 12 / 40 ( 30 % ) ; 3.3V          ; --           ;
+----------+------------------+---------------+--------------+


+------------------------------------------------------------------------------------------------------------------------------------------------+
; All Package Pins                                                                                                                               ;
+----------+------------+----------+----------------+--------+--------------+-----------+------------+-----------------+----------+--------------+
; Location ; Pad Number ; I/O Bank ; Pin Name/Usage ; Dir.   ; I/O Standard ; Voltage   ; I/O Type   ; User Assignment ; Bus Hold ; Weak Pull Up ;
+----------+------------+----------+----------------+--------+--------------+-----------+------------+-----------------+----------+--------------+
; 1        ; 161        ; 2        ; GND*           ;        ;              ;           ; Column I/O ;                 ; no       ; Off          ;
; 2        ; 2          ; 1        ; GND*           ;        ;              ;           ; Column I/O ;                 ; no       ; Off          ;
; 3        ; 4          ; 1        ; GND*           ;        ;              ;           ; Column I/O ;                 ; no       ; Off          ;
; 4        ; 6          ; 1        ; pulse0         ; output ; 3.3-V LVTTL  ;           ; Row I/O    ; Y               ; no       ; Off          ;
; 5        ; 8          ; 1        ; dir0           ; output ; 3.3-V LVTTL  ;           ; Row I/O    ; Y               ; no       ; Off          ;
; 6        ; 9          ; 1        ; pulse1         ; output ; 3.3-V LVTTL  ;           ; Row I/O    ; Y               ; no       ; Off          ;
; 7        ; 10         ; 1        ; dir1           ; output ; 3.3-V LVTTL  ;           ; Row I/O    ; Y               ; no       ; Off          ;
; 8        ; 11         ; 1        ; pulse2         ; output ; 3.3-V LVTTL  ;           ; Row I/O    ; Y               ; no       ; Off          ;
; 9        ;            ; 1        ; VCCIO1         ; power  ;              ; 3.3V      ; --         ;                 ; --       ; --           ;
; 10       ;            ;          ; GNDIO          ; gnd    ;              ;           ; --         ;                 ; --       ; --           ;
; 11       ;            ;          ; GNDINT         ; gnd    ;              ;           ; --         ;                 ; --       ; --           ;
; 12       ; 20         ; 1        ; CLK            ; input  ; 3.3-V LVTTL  ;           ; Row I/O    ; N               ; no       ; Off          ;
; 13       ;            ;          ; VCCINT         ; power  ;              ; 2.5V/3.3V ; --         ;                 ; --       ; --           ;
; 14       ; 21         ; 1        ; GND*           ;        ;              ;           ; Row I/O    ;                 ; no       ; Off          ;
; 15       ; 22         ; 1        ; dir2           ; output ; 3.3-V LVTTL  ;           ; Row I/O    ; Y               ; no       ; Off          ;
; 16       ; 23         ; 1        ; pulse3         ; output ; 3.3-V LVTTL  ;           ; Row I/O    ; Y               ; no       ; Off          ;
; 17       ; 24         ; 1        ; dir3           ; output ; 3.3-V LVTTL  ;           ; Row I/O    ; Y               ; no       ; Off          ;
; 18       ; 25         ; 1        ; pulse4         ; output ; 3.3-V LVTTL  ;           ; Row I/O    ; Y               ; no       ; Off          ;
; 19       ; 32         ; 1        ; dir4           ; output ; 3.3-V LVTTL  ;           ; Row I/O    ; Y               ; no       ; Off          ;
; 20       ; 34         ; 1        ; pulse5         ; output ; 3.3-V LVTTL  ;           ; Column I/O ; Y               ; no       ; Off          ;
; 21       ; 36         ; 1        ; dir5           ; output ; 3.3-V LVTTL  ;           ; Column I/O ; Y               ; no       ; Off          ;
; 22       ; 38         ; 1        ; #TMS           ; input  ;              ;           ; --         ;                 ; --       ; --           ;
; 23       ; 39         ; 1        ; #TDI           ; input  ;              ;           ; --         ;                 ; --       ; --           ;
; 24       ; 40         ; 1        ; #TCK           ; input  ;              ;           ; --         ;                 ; --       ; --           ;
; 25       ; 41         ; 1        ; #TDO           ; output ;              ;           ; --         ;                 ; --       ; --           ;
; 26       ; 47         ; 1        ; GND*           ;        ;              ;           ; Column I/O ;                 ; no       ; Off          ;
; 27       ; 48         ; 1        ; GND*           ;        ;              ;           ; Column I/O ;                 ; no       ; Off          ;
; 28       ; 50         ; 1        ; GND*           ;        ;              ;           ; Column I/O ;                 ; no       ; Off          ;
; 29       ; 51         ; 1        ; GND*           ;        ;              ;           ; Column I/O ;                 ; no       ; Off          ;
; 30       ; 52         ; 1        ; GND*           ;        ;              ;           ; Column I/O ;                 ; no       ; Off          ;
; 31       ;            ; 1        ; VCCIO1         ; power  ;              ; 3.3V      ; --         ;                 ; --       ; --           ;
; 32       ;            ;          ; GNDIO          ; gnd    ;              ;           ; --         ;                 ; --       ; --           ;
; 33       ; 58         ; 1        ; LIMIT5         ; input  ; 3.3-V LVTTL  ;           ; Column I/O ; Y               ; no       ; Off          ;
; 34       ; 59         ; 1        ; LIMIT6         ; input  ; 3.3-V LVTTL  ;           ; Column I/O ; Y               ; no       ; Off          ;
; 35       ; 60         ; 1        ; LIMIT2         ; input  ; 3.3-V LVTTL  ;           ; Column I/O ; Y               ; no       ; Off          ;
; 36       ; 61         ; 1        ; LIMIT3         ; input  ; 3.3-V LVTTL  ;           ; Column I/O ; Y               ; no       ; Off          ;
; 37       ;            ;          ; GNDINT         ; gnd    ;              ;           ; --         ;                 ; --       ; --           ;
; 38       ; 62         ; 1        ; LIMIT1         ; input  ; 3.3-V LVTTL  ;           ; Column I/O ; Y               ; no       ; Off          ;
; 39       ;            ;          ; VCCINT         ; power  ;              ; 2.5V/3.3V ; --         ;                 ; --       ; --           ;
; 40       ; 63         ; 1        ; LIMIT4         ; input  ; 3.3-V LVTTL  ;           ; Column I/O ; Y               ; no       ; Off          ;
; 41       ; 64         ; 1        ; GND*           ;        ;              ;           ; Column I/O ;                 ; no       ; Off          ;
; 42       ; 65         ; 1        ; GND*           ;        ;              ;           ; Column I/O ;                 ; no       ; Off          ;
; 43       ; 66         ; 1        ; GND*           ;        ;              ;           ; Column I/O ;                 ; no       ; Off          ;
; 44       ; 67         ; 1        ; GND*           ;        ;              ;           ; Column I/O ;                 ; no       ; Off          ;
; 45       ;            ; 1        ; VCCIO1         ; power  ;              ; 3.3V      ; --         ;                 ; --       ; --           ;
; 46       ;            ;          ; GNDIO          ; gnd    ;              ;           ; --         ;                 ; --       ; --           ;
; 47       ; 71         ; 1        ; GND*           ;        ;              ;           ; Column I/O ;                 ; no       ; Off          ;
; 48       ; 72         ; 1        ; GND*           ;        ;              ;           ; Column I/O ;                 ; no       ; Off          ;
; 49       ; 73         ; 1        ; GND*           ;        ;              ;           ; Column I/O ;                 ; no       ; Off          ;
; 50       ; 75         ; 1        ; GND*           ;        ;              ;           ; Column I/O ;                 ; no       ; Off          ;
; 51       ; 79         ; 1        ; GND*           ;        ;              ;           ; Column I/O ;                 ; no       ; Off          ;
; 52       ; 83         ; 2        ; GND*           ;        ;              ;           ; Row I/O    ;                 ; no       ; Off          ;
; 53       ; 84         ; 2        ; GND*           ;        ;              ;           ; Row I/O    ;                 ; no       ; Off          ;
; 54       ; 86         ; 2        ; GND*           ;        ;              ;           ; Row I/O    ;                 ; no       ; Off          ;
; 55       ; 89         ; 2        ; GND*           ;        ;              ;           ; Row I/O    ;                 ; no       ; Off          ;
; 56       ; 91         ; 2        ; GND*           ;        ;              ;           ; Row I/O    ;                 ; no       ; Off          ;
; 57       ; 92         ; 2        ; NADV           ; input  ; 3.3-V LVTTL  ;           ; Row I/O    ; Y               ; no       ; Off          ;
; 58       ; 93         ; 2        ; GND*           ;        ;              ;           ; Row I/O    ;                 ; no       ; Off          ;
; 59       ;            ; 2        ; VCCIO2         ; power  ;              ; 3.3V      ; --         ;                 ; --       ; --           ;
; 60       ;            ;          ; GNDIO          ; gnd    ;              ;           ; --         ;                 ; --       ; --           ;
; 61       ; 98         ; 2        ; GND*           ;        ;              ;           ; Row I/O    ;                 ; no       ; Off          ;
; 62       ; 101        ; 2        ; GND*           ;        ;              ;           ; Row I/O    ;                 ; no       ; Off          ;
; 63       ;            ;          ; VCCINT         ; power  ;              ; 2.5V/3.3V ; --         ;                 ; --       ; --           ;
; 64       ; 102        ; 2        ; GND*           ;        ;              ;           ; Row I/O    ;                 ; no       ; Off          ;
; 65       ;            ;          ; GNDINT         ; gnd    ;              ;           ; --         ;                 ; --       ; --           ;
; 66       ; 103        ; 2        ; NWE            ; input  ; 3.3-V LVTTL  ;           ; Row I/O    ; Y               ; no       ; Off          ;
; 67       ; 104        ; 2        ; GND*           ;        ;              ;           ; Row I/O    ;                 ; no       ; Off          ;
; 68       ; 105        ; 2        ; busy           ; output ; 3.3-V LVTTL  ;           ; Row I/O    ; Y               ; no       ; Off          ;
; 69       ; 111        ; 2        ; GND*           ;        ;              ;           ; Row I/O    ;                 ; no       ; Off          ;
; 70       ; 112        ; 2        ; Data[3]        ; input  ; 3.3-V LVTTL  ;           ; Row I/O    ; Y               ; no       ; Off          ;
; 71       ; 115        ; 2        ; Data[2]        ; input  ; 3.3-V LVTTL  ;           ; Row I/O    ; Y               ; no       ; Off          ;
; 72       ; 116        ; 2        ; Data[1]        ; input  ; 3.3-V LVTTL  ;           ; Row I/O    ; Y               ; no       ; Off          ;
; 73       ; 118        ; 2        ; Data[0]        ; input  ; 3.3-V LVTTL  ;           ; Row I/O    ; Y               ; no       ; Off          ;
; 74       ; 120        ; 2        ; GND*           ;        ;              ;           ; Row I/O    ;                 ; no       ; Off          ;
; 75       ; 122        ; 2        ; GND*           ;        ;              ;           ; Row I/O    ;                 ; no       ; Off          ;
; 76       ; 125        ; 2        ; PULSE_WR       ; input  ; 3.3-V LVTTL  ;           ; Column I/O ; Y               ; no       ; Off          ;
; 77       ; 126        ; 2        ; GND*           ;        ;              ;           ; Column I/O ;                 ; no       ; Off          ;
; 78       ; 127        ; 2        ; GND*           ;        ;              ;           ; Column I/O ;                 ; no       ; Off          ;
; 79       ;            ;          ; GNDIO          ; gnd    ;              ;           ; --         ;                 ; --       ; --           ;
; 80       ;            ; 2        ; VCCIO2         ; power  ;              ; 3.3V      ; --         ;                 ; --       ; --           ;
; 81       ; 135        ; 2        ; GND*           ;        ;              ;           ; Column I/O ;                 ; no       ; Off          ;
; 82       ; 136        ; 2        ; GND*           ;        ;              ;           ; Column I/O ;                 ; no       ; Off          ;
; 83       ; 139        ; 2        ; GND*           ;        ;              ;           ; Column I/O ;                 ; no       ; Off          ;
; 84       ; 140        ; 2        ; GND*           ;        ;              ;           ; Column I/O ;                 ; no       ; Off          ;
; 85       ; 141        ; 2        ; GND*           ;        ;              ;           ; Column I/O ;                 ; no       ; Off          ;
; 86       ; 142        ; 2        ; GND*           ;        ;              ;           ; Column I/O ;                 ; no       ; Off          ;
; 87       ; 143        ; 2        ; Data[7]        ; input  ; 3.3-V LVTTL  ;           ; Column I/O ; Y               ; no       ; Off          ;
; 88       ;            ;          ; VCCINT         ; power  ;              ; 2.5V/3.3V ; --         ;                 ; --       ; --           ;
; 89       ; 144        ; 2        ; Data[6]        ; input  ; 3.3-V LVTTL  ;           ; Column I/O ; Y               ; no       ; Off          ;
; 90       ;            ;          ; GNDINT         ; gnd    ;              ;           ; --         ;                 ; --       ; --           ;
; 91       ; 149        ; 2        ; Data[5]        ; input  ; 3.3-V LVTTL  ;           ; Column I/O ; Y               ; no       ; Off          ;
; 92       ; 150        ; 2        ; Data[4]        ; input  ; 3.3-V LVTTL  ;           ; Column I/O ; Y               ; no       ; Off          ;
; 93       ;            ;          ; GNDIO          ; gnd    ;              ;           ; --         ;                 ; --       ; --           ;
; 94       ;            ; 2        ; VCCIO2         ; power  ;              ; 3.3V      ; --         ;                 ; --       ; --           ;
; 95       ; 151        ; 2        ; GND*           ;        ;              ;           ; Column I/O ;                 ; no       ; Off          ;
; 96       ; 152        ; 2        ; GND*           ;        ;              ;           ; Column I/O ;                 ; no       ; Off          ;
; 97       ; 153        ; 2        ; GND*           ;        ;              ;           ; Column I/O ;                 ; no       ; Off          ;
; 98       ; 155        ; 2        ; GND*           ;        ;              ;           ; Column I/O ;                 ; no       ; Off          ;
; 99       ; 156        ; 2        ; GND*           ;        ;              ;           ; Column I/O ;                 ; no       ; Off          ;
; 100      ; 158        ; 2        ; GND*           ;        ;              ;           ; Column I/O ;                 ; no       ; Off          ;
+----------+------------+----------+----------------+--------+--------------+-----------+------------+-----------------+----------+--------------+
Note: Pin directions (input, output or bidir) are based on device operating in user mode.


+-------------------------------------------------------------+
; Output Pin Default Load For Reported TCO                    ;
+----------------------------+-------+------------------------+
; I/O Standard               ; Load  ; Termination Resistance ;
+----------------------------+-------+------------------------+
; 3.3-V LVTTL                ; 10 pF ; Not Available          ;
; 3.3-V LVCMOS               ; 10 pF ; Not Available          ;
; 2.5 V                      ; 10 pF ; Not Available          ;
; 1.8 V                      ; 10 pF ; Not Available          ;
; 1.5 V                      ; 10 pF ; Not Available          ;
; 3.3V Schmitt Trigger Input ; 10 pF ; Not Available          ;
; 2.5V Schmitt Trigger Input ; 10 pF ; Not Available          ;
+----------------------------+-------+------------------------+
Note: User assignments will override these defaults. The user specified values are listed in the Output Pins and Bidir Pins tables.


+--------------------------------------------------------------------------------------------------------------------------------------------------------------------------------------------------------------------------------------------+
; Fitter Resource Utilization by Entity                                                                                                                                                                                                      ;
+----------------------------+-------------+--------------+------------+------+--------------+--------------+-------------------+------------------+-----------------+------------+-------------------------------------------+--------------+
; Compilation Hierarchy Node ; Logic Cells ; LC Registers ; UFM Blocks ; Pins ; Virtual Pins ; LUT-Only LCs ; Register-Only LCs ; LUT/Register LCs ; Carry Chain LCs ; Packed LCs ; Full Hierarchy Name                       ; Library Name ;
+----------------------------+-------------+--------------+------------+------+--------------+--------------+-------------------+------------------+-----------------+------------+-------------------------------------------+--------------+
; |xuat_xung                 ; 290 (0)     ; 130          ; 0          ; 31   ; 0            ; 160 (0)      ; 0 (0)             ; 130 (0)          ; 116 (0)         ; 7 (6)      ; |xuat_xung                                ; work         ;
;    |74373b:inst1|          ; 6 (6)       ; 0            ; 0          ; 0    ; 0            ; 6 (6)        ; 0 (0)             ; 0 (0)            ; 0 (0)           ; 0 (0)      ; |xuat_xung|74373b:inst1                   ; work         ;
;    |dda_module:inst5|      ; 284 (7)     ; 130          ; 0          ; 0    ; 0            ; 154 (7)      ; 0 (0)             ; 130 (0)          ; 116 (0)         ; 1 (0)      ; |xuat_xung|dda_module:inst5               ; work         ;
;       |74373b:inst18|      ; 1 (1)       ; 0            ; 0          ; 0    ; 0            ; 1 (1)        ; 0 (0)             ; 0 (0)            ; 0 (0)           ; 0 (0)      ; |xuat_xung|dda_module:inst5|74373b:inst18 ; work         ;
;       |74373b:inst20|      ; 1 (1)       ; 0            ; 0          ; 0    ; 0            ; 1 (1)        ; 0 (0)             ; 0 (0)            ; 0 (0)           ; 0 (0)      ; |xuat_xung|dda_module:inst5|74373b:inst20 ; work         ;
;       |74373b:inst28|      ; 1 (1)       ; 0            ; 0          ; 0    ; 0            ; 1 (1)        ; 0 (0)             ; 0 (0)            ; 0 (0)           ; 0 (0)      ; |xuat_xung|dda_module:inst5|74373b:inst28 ; work         ;
;       |74373b:inst2|       ; 1 (1)       ; 0            ; 0          ; 0    ; 0            ; 1 (1)        ; 0 (0)             ; 0 (0)            ; 0 (0)           ; 0 (0)      ; |xuat_xung|dda_module:inst5|74373b:inst2  ; work         ;
;       |74373b:inst30|      ; 1 (1)       ; 0            ; 0          ; 0    ; 0            ; 1 (1)        ; 0 (0)             ; 0 (0)            ; 0 (0)           ; 0 (0)      ; |xuat_xung|dda_module:inst5|74373b:inst30 ; work         ;
;       |74373b:inst7|       ; 1 (1)       ; 0            ; 0          ; 0    ; 0            ; 1 (1)        ; 0 (0)             ; 0 (0)            ; 0 (0)           ; 0 (0)      ; |xuat_xung|dda_module:inst5|74373b:inst7  ; work         ;
;       |test:inst11|        ; 61 (61)     ; 17           ; 0          ; 0    ; 0            ; 44 (44)      ; 0 (0)             ; 17 (17)          ; 30 (30)         ; 1 (1)      ; |xuat_xung|dda_module:inst5|test:inst11   ; work         ;
;       |test:inst13|        ; 36 (36)     ; 17           ; 0          ; 0    ; 0            ; 19 (19)      ; 0 (0)             ; 17 (17)          ; 15 (15)         ; 0 (0)      ; |xuat_xung|dda_module:inst5|test:inst13   ; work         ;
;       |test:inst14|        ; 65 (65)     ; 45           ; 0          ; 0    ; 0            ; 20 (20)      ; 0 (0)             ; 45 (45)          ; 26 (26)         ; 0 (0)      ; |xuat_xung|dda_module:inst5|test:inst14   ; work         ;
;       |test:inst4|         ; 37 (37)     ; 17           ; 0          ; 0    ; 0            ; 20 (20)      ; 0 (0)             ; 17 (17)          ; 15 (15)         ; 0 (0)      ; |xuat_xung|dda_module:inst5|test:inst4    ; work         ;
;       |test:inst5|         ; 36 (36)     ; 17           ; 0          ; 0    ; 0            ; 19 (19)      ; 0 (0)             ; 17 (17)          ; 15 (15)         ; 0 (0)      ; |xuat_xung|dda_module:inst5|test:inst5    ; work         ;
;       |test:inst|          ; 36 (36)     ; 17           ; 0          ; 0    ; 0            ; 19 (19)      ; 0 (0)             ; 17 (17)          ; 15 (15)         ; 0 (0)      ; |xuat_xung|dda_module:inst5|test:inst     ; work         ;
+----------------------------+-------------+--------------+------------+------+--------------+--------------+-------------------+------------------+-----------------+------------+-------------------------------------------+--------------+
Note: For table entries with two numbers listed, the numbers in parentheses indicate the number of resources of the given type used by the specific entity alone. The numbers listed outside of parentheses indicate the total resources of the given type used by the specific entity and all of its sub-entities in the hierarchy.


+-------------------------------------+
; Delay Chain Summary                 ;
+----------+----------+---------------+
; Name     ; Pin Type ; Pad to Core 0 ;
+----------+----------+---------------+
; LIMIT6   ; Input    ; (0)           ;
; LIMIT4   ; Input    ; (0)           ;
; LIMIT3   ; Input    ; (0)           ;
; LIMIT1   ; Input    ; (0)           ;
; LIMIT2   ; Input    ; (0)           ;
; LIMIT5   ; Input    ; (0)           ;
; CLK      ; Input    ; (0)           ;
; PULSE_WR ; Input    ; (0)           ;
; Data[7]  ; Input    ; (1)           ;
; NWE      ; Input    ; (0)           ;
; Data[1]  ; Input    ; (0)           ;
; NADV     ; Input    ; (0)           ;
; Data[2]  ; Input    ; (0)           ;
; Data[0]  ; Input    ; (0)           ;
; Data[6]  ; Input    ; (0)           ;
; Data[5]  ; Input    ; (0)           ;
; Data[4]  ; Input    ; (0)           ;
; Data[3]  ; Input    ; (1)           ;
; busy     ; Output   ; --            ;
; pulse1   ; Output   ; --            ;
; pulse2   ; Output   ; --            ;
; pulse3   ; Output   ; --            ;
; pulse4   ; Output   ; --            ;
; pulse5   ; Output   ; --            ;
; pulse0   ; Output   ; --            ;
; dir0     ; Output   ; --            ;
; dir1     ; Output   ; --            ;
; dir2     ; Output   ; --            ;
; dir3     ; Output   ; --            ;
; dir4     ; Output   ; --            ;
; dir5     ; Output   ; --            ;
+----------+----------+---------------+


+-------------------------------------------------------------------------------------------------------------------------------------------------------------------+
; Control Signals                                                                                                                                                   ;
+-----------------------------------------------+--------------+---------+---------------------------------------+--------+----------------------+------------------+
; Name                                          ; Location     ; Fan-Out ; Usage                                 ; Global ; Global Resource Used ; Global Line Name ;
+-----------------------------------------------+--------------+---------+---------------------------------------+--------+----------------------+------------------+
; CLK                                           ; PIN_12       ; 130     ; Clock                                 ; yes    ; Global Clock         ; GCLK0            ;
; NADV                                          ; PIN_57       ; 6       ; Latch enable                          ; no     ; --                   ; --               ;
; dda_module:inst5|inst10                       ; LC_X8_Y6_N2  ; 8       ; Latch enable                          ; yes    ; Global Clock         ; GCLK1            ;
; dda_module:inst5|inst21                       ; LC_X8_Y6_N8  ; 8       ; Latch enable                          ; yes    ; Global Clock         ; GCLK2            ;
; dda_module:inst5|inst22                       ; LC_X8_Y6_N4  ; 8       ; Latch enable                          ; yes    ; Global Clock         ; GCLK3            ;
; dda_module:inst5|inst31                       ; LC_X8_Y6_N1  ; 8       ; Latch enable                          ; no     ; --                   ; --               ;
; dda_module:inst5|inst32                       ; LC_X8_Y6_N5  ; 8       ; Latch enable                          ; no     ; --                   ; --               ;
; dda_module:inst5|inst8                        ; LC_X8_Y6_N9  ; 8       ; Latch enable                          ; no     ; --                   ; --               ;
; dda_module:inst5|test:inst11|Equal0~0         ; LC_X8_Y5_N7  ; 93      ; Clock enable, Sync. clear, Sync. load ; no     ; --                   ; --               ;
; dda_module:inst5|test:inst11|pulse~4          ; LC_X8_Y4_N1  ; 6       ; Clock enable                          ; no     ; --                   ; --               ;
; dda_module:inst5|test:inst14|clk20u_cnt[10]~2 ; LC_X10_Y5_N2 ; 25      ; Clock enable, Sync. clear             ; no     ; --                   ; --               ;
; dda_module:inst5|test:inst4|acc[4]~0          ; LC_X7_Y5_N0  ; 48      ; Clock enable                          ; no     ; --                   ; --               ;
+-----------------------------------------------+--------------+---------+---------------------------------------+--------+----------------------+------------------+


+-------------------------------------------------------------------------------------------+
; Global & Other Fast Signals                                                               ;
+-------------------------+-------------+---------+----------------------+------------------+
; Name                    ; Location    ; Fan-Out ; Global Resource Used ; Global Line Name ;
+-------------------------+-------------+---------+----------------------+------------------+
; CLK                     ; PIN_12      ; 130     ; Global Clock         ; GCLK0            ;
; dda_module:inst5|inst10 ; LC_X8_Y6_N2 ; 8       ; Global Clock         ; GCLK1            ;
; dda_module:inst5|inst21 ; LC_X8_Y6_N8 ; 8       ; Global Clock         ; GCLK2            ;
; dda_module:inst5|inst22 ; LC_X8_Y6_N4 ; 8       ; Global Clock         ; GCLK3            ;
+-------------------------+-------------+---------+----------------------+------------------+


+---------------------------------------------------------+
; Non-Global High Fan-Out Signals                         ;
+-----------------------------------------------+---------+
; Name                                          ; Fan-Out ;
+-----------------------------------------------+---------+
; dda_module:inst5|test:inst11|Equal0~0         ; 93      ;
; dda_module:inst5|test:inst4|acc[4]~0          ; 48      ;
; PULSE_WR                                      ; 30      ;
; dda_module:inst5|test:inst14|pre_WR           ; 28      ;
; dda_module:inst5|test:inst14|clk20u_cnt[10]~2 ; 25      ;
; dda_module:inst5|test:inst14|clk20u           ; 10      ;
; dda_module:inst5|inst8                        ; 8       ;
; dda_module:inst5|inst32                       ; 8       ;
; dda_module:inst5|inst31                       ; 8       ;
; Data[4]                                       ; 7       ;
; Data[5]                                       ; 7       ;
; Data[6]                                       ; 7       ;
; Data[0]                                       ; 7       ;
; Data[2]                                       ; 7       ;
; Data[1]                                       ; 7       ;
; 74373b:inst1|12                               ; 7       ;
; 74373b:inst1|14                               ; 7       ;
; 74373b:inst1|13                               ; 7       ;
; dda_module:inst5|test:inst|Add2~5             ; 7       ;
; dda_module:inst5|test:inst14|Add2~5           ; 7       ;
; dda_module:inst5|test:inst13|Add2~5           ; 7       ;
; dda_module:inst5|test:inst11|Add2~5           ; 7       ;
; dda_module:inst5|test:inst5|Add2~5            ; 7       ;
; dda_module:inst5|test:inst4|Add2~5            ; 7       ;
; Data[3]                                       ; 6       ;
; NADV                                          ; 6       ;
; Data[7]                                       ; 6       ;
; dda_module:inst5|test:inst11|pulse~4          ; 6       ;
; dda_module:inst5|inst8~0                      ; 6       ;
; dda_module:inst5|test:inst11|Add1~37          ; 5       ;
; dda_module:inst5|test:inst11|Add1~27          ; 5       ;
; dda_module:inst5|test:inst|Add2~0             ; 5       ;
; dda_module:inst5|test:inst14|Add2~0           ; 5       ;
; dda_module:inst5|test:inst13|Add2~0           ; 5       ;
; dda_module:inst5|test:inst11|Add2~0           ; 5       ;
; dda_module:inst5|test:inst5|Add2~0            ; 5       ;
; dda_module:inst5|test:inst4|Add2~0            ; 5       ;
; dda_module:inst5|test:inst11|LessThan0~3      ; 5       ;
; dda_module:inst5|test:inst14|clk_cnt[4]~15    ; 5       ;
; dda_module:inst5|test:inst|LessThan2~1        ; 4       ;
; dda_module:inst5|test:inst14|LessThan2~1      ; 4       ;
; dda_module:inst5|test:inst13|LessThan2~1      ; 4       ;
; dda_module:inst5|test:inst11|LessThan2~1      ; 4       ;
; dda_module:inst5|test:inst5|LessThan2~1       ; 4       ;
; dda_module:inst5|test:inst4|LessThan2~1       ; 4       ;
; dda_module:inst5|test:inst11|LessThan1~4      ; 4       ;
; dda_module:inst5|test:inst|Add3~32            ; 3       ;
; dda_module:inst5|test:inst|LessThan2~3        ; 3       ;
; dda_module:inst5|test:inst14|Add3~32          ; 3       ;
; dda_module:inst5|test:inst14|LessThan2~3      ; 3       ;
+-----------------------------------------------+---------+


+---------------------------------------------------+
; Interconnect Usage Summary                        ;
+----------------------------+----------------------+
; Interconnect Resource Type ; Usage                ;
+----------------------------+----------------------+
; C4s                        ; 274 / 1,624 ( 17 % ) ;
; Direct links               ; 49 / 1,930 ( 3 % )   ;
; Global clocks              ; 4 / 4 ( 100 % )      ;
; LAB clocks                 ; 25 / 56 ( 45 % )     ;
; LUT chains                 ; 12 / 513 ( 2 % )     ;
; Local interconnects        ; 478 / 1,930 ( 25 % ) ;
; R4s                        ; 373 / 1,472 ( 25 % ) ;
+----------------------------+----------------------+


+---------------------------------------------------------------------------+
; LAB Logic Elements                                                        ;
+--------------------------------------------+------------------------------+
; Number of Logic Elements  (Average = 8.29) ; Number of LABs  (Total = 35) ;
+--------------------------------------------+------------------------------+
; 1                                          ; 2                            ;
; 2                                          ; 1                            ;
; 3                                          ; 1                            ;
; 4                                          ; 0                            ;
; 5                                          ; 1                            ;
; 6                                          ; 1                            ;
; 7                                          ; 2                            ;
; 8                                          ; 3                            ;
; 9                                          ; 6                            ;
; 10                                         ; 18                           ;
+--------------------------------------------+------------------------------+


+-------------------------------------------------------------------+
; LAB-wide Signals                                                  ;
+------------------------------------+------------------------------+
; LAB-wide Signals  (Average = 2.17) ; Number of LABs  (Total = 35) ;
+------------------------------------+------------------------------+
; 1 Clock                            ; 32                           ;
; 1 Clock enable                     ; 24                           ;
; 1 Sync. clear                      ; 16                           ;
; 1 Sync. load                       ; 1                            ;
; 2 Clock enables                    ; 3                            ;
+------------------------------------+------------------------------+


+----------------------------------------------------------------------------+
; LAB Signals Sourced                                                        ;
+---------------------------------------------+------------------------------+
; Number of Signals Sourced  (Average = 9.69) ; Number of LABs  (Total = 35) ;
+---------------------------------------------+------------------------------+
; 0                                           ; 0                            ;
; 1                                           ; 2                            ;
; 2                                           ; 0                            ;
; 3                                           ; 2                            ;
; 4                                           ; 0                            ;
; 5                                           ; 0                            ;
; 6                                           ; 1                            ;
; 7                                           ; 1                            ;
; 8                                           ; 2                            ;
; 9                                           ; 6                            ;
; 10                                          ; 12                           ;
; 11                                          ; 1                            ;
; 12                                          ; 3                            ;
; 13                                          ; 1                            ;
; 14                                          ; 1                            ;
; 15                                          ; 0                            ;
; 16                                          ; 1                            ;
; 17                                          ; 0                            ;
; 18                                          ; 1                            ;
; 19                                          ; 0                            ;
; 20                                          ; 1                            ;
+---------------------------------------------+------------------------------+


+--------------------------------------------------------------------------------+
; LAB Signals Sourced Out                                                        ;
+-------------------------------------------------+------------------------------+
; Number of Signals Sourced Out  (Average = 6.77) ; Number of LABs  (Total = 35) ;
+-------------------------------------------------+------------------------------+
; 0                                               ; 0                            ;
; 1                                               ; 2                            ;
; 2                                               ; 2                            ;
; 3                                               ; 1                            ;
; 4                                               ; 0                            ;
; 5                                               ; 1                            ;
; 6                                               ; 3                            ;
; 7                                               ; 11                           ;
; 8                                               ; 10                           ;
; 9                                               ; 3                            ;
; 10                                              ; 1                            ;
; 11                                              ; 1                            ;
+-------------------------------------------------+------------------------------+


+-----------------------------------------------------------------------------+
; LAB Distinct Inputs                                                         ;
+----------------------------------------------+------------------------------+
; Number of Distinct Inputs  (Average = 12.23) ; Number of LABs  (Total = 35) ;
+----------------------------------------------+------------------------------+
; 0                                            ; 0                            ;
; 1                                            ; 0                            ;
; 2                                            ; 0                            ;
; 3                                            ; 1                            ;
; 4                                            ; 2                            ;
; 5                                            ; 0                            ;
; 6                                            ; 0                            ;
; 7                                            ; 2                            ;
; 8                                            ; 2                            ;
; 9                                            ; 5                            ;
; 10                                           ; 1                            ;
; 11                                           ; 3                            ;
; 12                                           ; 5                            ;
; 13                                           ; 1                            ;
; 14                                           ; 2                            ;
; 15                                           ; 2                            ;
; 16                                           ; 1                            ;
; 17                                           ; 0                            ;
; 18                                           ; 2                            ;
; 19                                           ; 4                            ;
; 20                                           ; 2                            ;
+----------------------------------------------+------------------------------+


+-------------------------------------------------------------------------+
; Fitter Device Options                                                   ;
+----------------------------------------------+--------------------------+
; Option                                       ; Setting                  ;
+----------------------------------------------+--------------------------+
; Enable user-supplied start-up clock (CLKUSR) ; Off                      ;
; Enable device-wide reset (DEV_CLRn)          ; Off                      ;
; Enable device-wide output enable (DEV_OE)    ; Off                      ;
; Enable INIT_DONE output                      ; Off                      ;
; Configuration scheme                         ; Passive Serial           ;
; Reserve all unused pins                      ; As output driving ground ;
; Base pin-out file on sameframe device        ; Off                      ;
+----------------------------------------------+--------------------------+


+------------------------------------------------------------+
; Estimated Delay Added for Hold Timing                      ;
+-----------------+----------------------+-------------------+
; Source Clock(s) ; Destination Clock(s) ; Delay Added in ns ;
+-----------------+----------------------+-------------------+
; NADV            ; NADV,NWE             ; 51.3521           ;
+-----------------+----------------------+-------------------+
Note: For more information on problematic transfers, consider running the Fitter again with the Optimize hold timing option (Settings Menu) turned off.
This will disable optimization of problematic paths and expose them for further analysis using either the TimeQuest Timing Analyzer or the Classic Timing Analyzer.


+-----------------+
; Fitter Messages ;
+-----------------+
Info: *******************************************************************
Info: Running Quartus II Fitter
    Info: Version 9.1 Build 350 03/24/2010 Service Pack 2 SJ Web Edition
    Info: Processing started: Thu Mar 14 17:16:49 2019
Info: Command: quartus_fit --read_settings_files=off --write_settings_files=off test -c test
Info: Selected device EPM570T100C5 for design "test"
Info: Low junction temperature is 0 degrees C
Info: High junction temperature is 85 degrees C
Info: Fitter is performing an Auto Fit compilation, which may decrease Fitter effort to reduce compilation time
Warning: Feature LogicLock is only available with a valid subscription license. Please purchase a software subscription to gain full access to this feature.
Info: Device migration not selected. If you intend to use device migration later, you may need to change the pin assignments as they may be incompatible with other devices
    Info: Device EPM240T100C5 is compatible
    Info: Device EPM240T100I5 is compatible
    Info: Device EPM240T100A5 is compatible
    Info: Device EPM570T100I5 is compatible
    Info: Device EPM570T100A5 is compatible
Critical Warning: No exact pin location assignment(s) for 1 pins of 31 total pins
    Info: Pin CLK not assigned to an exact location on the device
Info: Timing-driven compilation is using the Classic Timing Analyzer
Info: Timing requirements not specified -- optimizing circuit to achieve the following default global requirements
    Info: Assuming a global fmax requirement of 1000 MHz
    Info: Assuming a global tsu requirement of 2.0 ns
    Info: Assuming a global tco requirement of 1.0 ns
    Info: Assuming a global tpd requirement of 1.0 ns
Extra Info: Performing register packing on registers with non-logic cell location assignments
Extra Info: Completed register packing on registers with non-logic cell location assignments
Info: Completed User Assigned Global Signals Promotion Operation
Info: Automatically promoted signal "CLK" to use Global clock in PIN 12
Info: Automatically promoted signal "dda_module:inst5|inst10" to use Global clock
Info: Automatically promoted signal "dda_module:inst5|inst21" to use Global clock
Info: Automatically promoted signal "dda_module:inst5|inst22" to use Global clock
Info: Completed Auto Global Promotion Operation
Info: Starting register packing
Info: Fitter is using Normal packing mode for logic elements with Auto setting for Auto Packed Registers logic option
Extra Info: Moving registers into LUTs to improve timing and density
Info: Started processing fast register assignments
Info: Finished processing fast register assignments
Extra Info: Finished moving registers into LUTs: elapsed time is 00:00:00
Info: Finished register packing
Info: Fitter preparation operations ending: elapsed time is 00:00:01
Info: Fitter placement preparation operations beginning
Info: Fitter placement preparation operations ending: elapsed time is 00:00:00
Info: Fitter placement operations beginning
Info: Fitter placement was successful
Info: Fitter placement operations ending: elapsed time is 00:00:00
Info: Estimated most critical path is register to register delay of 13.478 ns
    Info: 1: + IC(0.000 ns) + CELL(0.000 ns) = 0.000 ns; Loc. = LAB_X12_Y5; Fanout = 3; REG Node = 'dda_module:inst5|test:inst5|Ntemp[1]'
    Info: 2: + IC(3.414 ns) + CELL(0.747 ns) = 4.161 ns; Loc. = LAB_X4_Y6; Fanout = 2; COMB Node = 'dda_module:inst5|test:inst5|Add2~22'
    Info: 3: + IC(0.000 ns) + CELL(0.123 ns) = 4.284 ns; Loc. = LAB_X4_Y6; Fanout = 2; COMB Node = 'dda_module:inst5|test:inst5|Add2~12'
    Info: 4: + IC(0.000 ns) + CELL(0.815 ns) = 5.099 ns; Loc. = LAB_X4_Y6; Fanout = 5; COMB Node = 'dda_module:inst5|test:inst5|Add2~15'
    Info: 5: + IC(2.032 ns) + CELL(0.200 ns) = 7.331 ns; Loc. = LAB_X2_Y6; Fanout = 1; COMB Node = 'dda_module:inst5|test:inst5|LessThan2~0'
    Info: 6: + IC(0.269 ns) + CELL(0.914 ns) = 8.514 ns; Loc. = LAB_X2_Y6; Fanout = 4; COMB Node = 'dda_module:inst5|test:inst5|LessThan2~1'
    Info: 7: + IC(0.983 ns) + CELL(0.200 ns) = 9.697 ns; Loc. = LAB_X2_Y6; Fanout = 3; COMB Node = 'dda_module:inst5|test:inst5|LessThan2~2'
    Info: 8: + IC(2.977 ns) + CELL(0.804 ns) = 13.478 ns; Loc. = LAB_X8_Y4; Fanout = 1; REG Node = 'dda_module:inst5|test:inst5|pulse'
    Info: Total cell delay = 3.803 ns ( 28.22 % )
    Info: Total interconnect delay = 9.675 ns ( 71.78 % )
Info: Fitter routing operations beginning
Info: Average interconnect usage is 22% of the available device resources
    Info: Peak interconnect usage is 22% of the available device resources in the region that extends from location X0_Y0 to location X13_Y8
Info: Fitter routing operations ending: elapsed time is 00:00:00
Info: The Fitter performed an Auto Fit compilation.  Optimizations were skipped to reduce compilation time.
    Info: Optimizations that may affect the design's routability were skipped
    Info: Optimizations that may affect the design's timing were skipped
Warning: The Reserve All Unused Pins setting has not been specified, and will default to 'As output driving ground'.
Info: Quartus II Fitter was successful. 0 errors, 3 warnings
    Info: Peak virtual memory: 260 megabytes
    Info: Processing ended: Thu Mar 14 17:16:50 2019
    Info: Elapsed time: 00:00:01
    Info: Total CPU time (on all processors): 00:00:01


